ASxxxx Linker V03.00/V05.40 + sdld,  page 1.
Hexadecimal  [32-Bits]

Area                                    Addr        Size        Decimal Bytes (Attributes)
--------------------------------        ----        ----        ------- ----- ------------
CABS                                00000000    00000000 =           0. bytes (ABS,CON,CODE)

      Value  Global                              Global Defined In Module
      -----  --------------------------------   ------------------------
C:   00000000  l_CABS                          
C:   00000000  l_GSINIT1                       
C:   00000000  l_GSINIT5                       
C:   00000000  l_IABS                          
C:   00000000  l_ISEG                          
C:   00000000  l_OSEG                          
C:   00000000  l_PSEG                          
C:   00000000  l_REG_BANK_1                    
C:   00000000  l_REG_BANK_2                    
C:   00000000  l_REG_BANK_3                    
C:   00000000  l_RSEG                          
C:   00000000  l_RSEG0                         
C:   00000000  l_RSEG1                         
C:   00000000  l_XABS                          
C:   00000000  l__CODE                         
C:   00000000  s_BSEG                          
C:   00000000  s_CABS                          
C:   00000000  s_DSEG                          
C:   00000000  s_HOME                          
C:   00000000  s_IABS                          
C:   00000000  s_ISEG                          
C:   00000000  s_REG_BANK_0                    
C:   00000000  s_RSEG                          
C:   00000000  s_RSEG0                         
C:   00000000  s_RSEG1                         
C:   00000000  s_XABS                          
C:   00000001  l_BIT_BANK                      
C:   00000001  l_BSEG_BYTES                    
C:   00000001  s_PSEG                          
C:   00000001  s_XSEG                          
C:   00000002  l_BSEG                          
C:   00000003  l_GSFINAL                       
C:   00000003  l_GSINIT0                       
C:   00000008  l_REG_BANK_0                    
C:   00000008  s_REG_BANK_1                    
C:   0000000A  l_GSINIT2                       
C:   0000000B  l_XINIT                         
C:   0000000B  l_XISEG                         
C:   00000010  s_REG_BANK_2                    
C:   00000011  l_GSINIT                        
C:   00000018  s_REG_BANK_3                    
C:   00000020  s_BSEG_BYTES                    
C:   00000020  s__CODE                         
C:   00000021  s_BIT_BANK                      
C:   00000021  s_OSEG                          
C:   00000022  l_GSINIT3                       
C:   00000022  s_SSEG                          
C:   0000002A  l_GSINIT4                       
C:   00000049  l_HOME                          
C:   00000049  s_GSINIT0                       
ASxxxx Linker V03.00/V05.40 + sdld,  page 2.
Hexadecimal  [32-Bits]

Area                                    Addr        Size        Decimal Bytes (Attributes)
--------------------------------        ----        ----        ------- ----- ------------
CABS                                00000000    00000000 =           0. bytes (ABS,CON,CODE)

      Value  Global                              Global Defined In Module
      -----  --------------------------------   ------------------------
C:   0000004C  s_GSINIT1                       
C:   0000004C  s_GSINIT2                       
C:   00000056  s_GSINIT3                       
C:   00000078  s_GSINIT4                       
C:   0000007F  l_DSEG                          
C:   000000A2  s_GSINIT                        
C:   000000A2  s_GSINIT5                       
C:   000000B3  l_CONST                         
C:   000000B3  s_GSFINAL                       
C:   000000B6  s_CSEG                          
C:   000000DE  l_SSEG                          
C:   00000100  l_IRAM                          
C:   0000010C  l_XSEG                          
C:   0000010D  s_XISEG                         
C:   00002192  l_CSEG                          
C:   00002248  s_CONST                         
C:   000022FB  s_XINIT                         

ASxxxx Linker V03.00/V05.40 + sdld,  page 3.
Hexadecimal  [32-Bits]

Area                                    Addr        Size        Decimal Bytes (Attributes)
--------------------------------        ----        ----        ------- ----- ------------
.  .ABS.                            00000000    00000000 =           0. bytes (ABS,CON)

      Value  Global                              Global Defined In Module
      -----  --------------------------------   ------------------------
     00000000  .__.ABS.                           _divuint
     00000000  _EP0_buffer                        main
     0000000A  _EP1_buffer                        main
     00000014  _EP2_buffer                        main
     00000080  _ADC_CHAN0                         main
     00000080  _ADC_CTRL                          main
     00000081  _ADC_CHAN1                         main
     00000081  _SP                                main
     00000082  _DPL                               main
     00000083  _CMP_CHAN                          main
     00000083  _DPH                               main
     00000084  _ADC_START                         main
     00000084  _ROM_ADDR_L                        main
     00000085  _ADC_IF                            main
     00000085  _ROM_ADDR_H                        main
     00000086  _CMP_IF                            main
     00000086  _ROM_CTRL                          main
     00000087  _CMPO                              main
     00000087  _PCON                              main
     00000088  _IT0                               main
     00000088  _TCON                              main
     00000089  _IE0                               main
     00000089  _TMOD                              main
     0000008A  _IT1                               main
     0000008A  _TL0                               main
     0000008B  _IE1                               main
     0000008B  _TL1                               main
     0000008C  _TH0                               main
     0000008C  _TR0                               main
     0000008D  _TF0                               main
     0000008D  _TH1                               main
     0000008E  _ROM_DATA_L                        main
     0000008E  _TR1                               main
     0000008F  _ROM_DATA_H                        main
     0000008F  _TF1                               main
     00000090  _CAP1                              main
     00000090  _P1                                main
     00000090  _PP10                              main
     00000090  _T2                                main
     00000090  _TIN0                              main
     00000091  _AIN0                              main
     00000091  _CAP2                              main
     00000091  _PP11                              main
     00000091  _T2EX                              main
     00000091  _TIN1                              main
     00000091  _USB_C_CTRL                        main
     00000091  _VBUS2                             main
     00000092  _P1_MOD_OC                         main
     00000092  _PP12                              main
     00000092  _RXD_                              main
ASxxxx Linker V03.00/V05.40 + sdld,  page 4.
Hexadecimal  [32-Bits]

Area                                    Addr        Size        Decimal Bytes (Attributes)
--------------------------------        ----        ----        ------- ----- ------------
.  .ABS.                            00000000    00000000 =           0. bytes (ABS,CON)

      Value  Global                              Global Defined In Module
      -----  --------------------------------   ------------------------
     00000093  _P1_DIR_PU                         main
     00000093  _PP13                              main
     00000093  _TXD_                              main
     00000094  _AIN1                              main
     00000094  _CAP1_                             main
     00000094  _PP14                              main
     00000094  _SCS                               main
     00000094  _T2_                               main
     00000094  _TIN2                              main
     00000094  _UCC1                              main
     00000095  _AIN2                              main
     00000095  _MOSI                              main
     00000095  _PP15                              main
     00000095  _PWM1                              main
     00000095  _TIN3                              main
     00000095  _UCC2                              main
     00000096  _MISO                              main
     00000096  _P3_MOD_OC                         main
     00000096  _PP16                              main
     00000096  _RXD1                              main
     00000096  _TIN4                              main
     00000097  _P3_DIR_PU                         main
     00000097  _PP17                              main
     00000097  _SCK                               main
     00000097  _TIN5                              main
     00000097  _TXD1                              main
     00000098  _RI                                main
     00000098  _SCON                              main
     00000099  _SBUF                              main
     00000099  _TI                                main
     0000009A  _ADC_CFG                           main
     0000009A  _RB8                               main
     0000009B  _PWM_DATA2                         main
     0000009B  _TB8                               main
     0000009C  _PWM_DATA1                         main
     0000009C  _REN                               main
     0000009D  _PWM_CTRL                          main
     0000009D  _SM2                               main
     0000009E  _PWM_CK_SE                         main
     0000009E  _SM1                               main
     0000009F  _ADC_DATA                          main
     0000009F  _SM0                               main
     000000A0  _P2                                main
     000000A0  __XPAGE                            
     000000A1  _SAFE_MOD                          main
     000000A2  _XBUS_AUX                          main
     000000A8  _EX0                               main
     000000A8  _IE                                main
     000000A9  _ET0                               main
     000000A9  _WAKE_CTRL                         main
     000000AA  _EX1                               main
ASxxxx Linker V03.00/V05.40 + sdld,  page 5.
Hexadecimal  [32-Bits]

Area                                    Addr        Size        Decimal Bytes (Attributes)
--------------------------------        ----        ----        ------- ----- ------------
.  .ABS.                            00000000    00000000 =           0. bytes (ABS,CON)

      Value  Global                              Global Defined In Module
      -----  --------------------------------   ------------------------
     000000AB  _ET1                               main
     000000AC  _ES                                main
     000000AD  _ET2                               main
     000000AE  _E_DIS                             main
     000000AF  _EA                                main
     000000B0  _P3                                main
     000000B0  _PP30                              main
     000000B0  _PWM1_                             main
     000000B0  _RXD                               main
     000000B1  _GLOBAL_CFG                        main
     000000B1  _PP31                              main
     000000B1  _PWM2_                             main
     000000B1  _TXD                               main
     000000B2  _AIN3                              main
     000000B2  _INT0                              main
     000000B2  _PP32                              main
     000000B2  _TXD1_                             main
     000000B2  _VBUS1                             main
     000000B3  _INT1                              main
     000000B3  _PP33                              main
     000000B4  _PP34                              main
     000000B4  _PWM2                              main
     000000B4  _RXD1_                             main
     000000B4  _T0                                main
     000000B5  _PP35                              main
     000000B5  _T1                                main
     000000B6  _PP36                              main
     000000B6  _UDP                               main
     000000B7  _PP37                              main
     000000B7  _UDM                               main
     000000B8  _IP                                main
     000000B8  _PX0                               main
     000000B9  _CLOCK_CFG                         main
     000000B9  _PT0                               main
     000000BA  _PX1                               main
     000000BB  _PT1                               main
     000000BC  _PS                                main
     000000BD  _PT2                               main
     000000BE  _PL_FLAG                           main
     000000BF  _PH_FLAG                           main
     000000C0  _SCON1                             main
     000000C0  _U1RI                              main
     000000C1  _SBUF1                             main
     000000C1  _U1TI                              main
     000000C2  _SBAUD1                            main
     000000C2  _U1RB8                             main
     000000C3  _TKEY_CTRL                         main
     000000C3  _U1TB8                             main
     000000C4  _TKEY_DATL                         main
     000000C4  _U1REN                             main
     000000C5  _TKEY_DATH                         main
ASxxxx Linker V03.00/V05.40 + sdld,  page 6.
Hexadecimal  [32-Bits]

Area                                    Addr        Size        Decimal Bytes (Attributes)
--------------------------------        ----        ----        ------- ----- ------------
.  .ABS.                            00000000    00000000 =           0. bytes (ABS,CON)

      Value  Global                              Global Defined In Module
      -----  --------------------------------   ------------------------
     000000C5  _U1SMOD                            main
     000000C6  _PIN_FUNC                          main
     000000C7  _GPIO_IE                           main
     000000C7  _U1SM0                             main
     000000C8  _CP_RL2                            main
     000000C8  _T2CON                             main
     000000C9  _C_T2                              main
     000000C9  _T2MOD                             main
     000000CA  _RCAP2L                            main
     000000CA  _TR2                               main
     000000CB  _EXEN2                             main
     000000CB  _RCAP2H                            main
     000000CC  _TCLK                              main
     000000CC  _TL2                               main
     000000CD  _RCLK                              main
     000000CD  _TH2                               main
     000000CE  _EXF2                              main
     000000CE  _T2CAP1L                           main
     000000CF  _CAP1F                             main
     000000CF  _T2CAP1H                           main
     000000CF  _TF2                               main
     000000D0  _P                                 main
     000000D0  _PSW                               main
     000000D1  _F1                                main
     000000D1  _UDEV_CTRL                         main
     000000D2  _OV                                main
     000000D2  _UEP1_CTRL                         main
     000000D3  _RS0                               main
     000000D3  _UEP1_T_LEN                        main
     000000D4  _RS1                               main
     000000D4  _UEP2_CTRL                         main
     000000D5  _F0                                main
     000000D5  _UEP2_T_LEN                        main
     000000D6  _AC                                main
     000000D6  _UEP3_CTRL                         main
     000000D7  _CY                                main
     000000D7  _UEP3_T_LEN                        main
     000000D8  _UIF_BUS_RST                       main
     000000D8  _UIF_DETECT                        main
     000000D8  _USB_INT_FG                        main
     000000D9  _UIF_TRANSFER                      main
     000000D9  _USB_INT_ST                        main
     000000DA  _UIF_SUSPEND                       main
     000000DA  _USB_MIS_ST                        main
     000000DB  _UIF_HST_SOF                       main
     000000DB  _USB_RX_LEN                        main
     000000DC  _UEP0_CTRL                         main
     000000DC  _UIF_FIFO_OV                       main
     000000DD  _UEP0_T_LEN                        main
     000000DD  _U_SIE_FREE                        main
     000000DE  _UEP4_CTRL                         main
ASxxxx Linker V03.00/V05.40 + sdld,  page 7.
Hexadecimal  [32-Bits]

Area                                    Addr        Size        Decimal Bytes (Attributes)
--------------------------------        ----        ----        ------- ----- ------------
.  .ABS.                            00000000    00000000 =           0. bytes (ABS,CON)

      Value  Global                              Global Defined In Module
      -----  --------------------------------   ------------------------
     000000DE  _U_TOG_OK                          main
     000000DF  _UEP4_T_LEN                        main
     000000DF  _U_IS_NAK                          main
     000000E0  _ACC                               main
     000000E1  _USB_INT_EN                        main
     000000E2  _USB_CTRL                          main
     000000E3  _USB_DEV_AD                        main
     000000E4  _UEP2_DMA_L                        main
     000000E5  _UEP2_DMA_H                        main
     000000E6  _UEP3_DMA_L                        main
     000000E7  _UEP3_DMA_H                        main
     000000E8  _IE_EX                             main
     000000E8  _IE_SPI0                           main
     000000E9  _IE_TKEY                           main
     000000E9  _IP_EX                             main
     000000EA  _IE_USB                            main
     000000EA  _UEP4_1_MOD                        main
     000000EB  _IE_ADC                            main
     000000EB  _UEP2_3_MOD                        main
     000000EC  _IE_UART1                          main
     000000EC  _UEP0_DMA_L                        main
     000000ED  _IE_PWMX                           main
     000000ED  _UEP0_DMA_H                        main
     000000EE  _IE_GPIO                           main
     000000EE  _UEP1_DMA_L                        main
     000000EF  _IE_WDOG                           main
     000000EF  _UEP1_DMA_H                        main
     000000F0  _B                                 main
     000000F5  _B_5                               _gptrget
     000000F6  _B_6                               _gptrget
     000000F7  _B_7                               _gptrget
     000000F8  _S0_R_FIFO                         main
     000000F8  _SPI0_STAT                         main
     000000F9  _SPI0_DATA                         main
     000000FA  _S0_T_FIFO                         main
     000000FA  _SPI0_CTRL                         main
     000000FB  _S0_FREE                           main
     000000FB  _SPI0_CK_SE                        main
     000000FC  _S0_IF_BYTE                        main
     000000FC  _SPI0_SETUP                        main
     000000FD  _S0_IF_FIRST                       main
     000000FE  _RESET_KEEP                        main
     000000FE  _S0_IF_OV                          main
     000000FF  _S0_FST_ACT                        main
     000000FF  _WDOG_COUNT                        main
     00008584  _ROM_ADDR                          main
     00008F8E  _ROM_DATA                          main
     0000C5C4  _TKEY_DAT                          main
     0000CBCA  _RCAP2                             main
     0000CDCC  _T2COUNT                           main
     0000CFCE  _T2CAP1                            main
ASxxxx Linker V03.00/V05.40 + sdld,  page 8.
Hexadecimal  [32-Bits]

Area                                    Addr        Size        Decimal Bytes (Attributes)
--------------------------------        ----        ----        ------- ----- ------------
.  .ABS.                            00000000    00000000 =           0. bytes (ABS,CON)

      Value  Global                              Global Defined In Module
      -----  --------------------------------   ------------------------
     0000E5E4  _UEP2_DMA                          main
     0000E7E6  _UEP3_DMA                          main
     0000EDEC  _UEP0_DMA                          main
     0000EFEE  _UEP1_DMA                          main
ASxxxx Linker V03.00/V05.40 + sdld,  page 9.
Hexadecimal  [32-Bits]

Area                                    Addr        Size        Decimal Bytes (Attributes)
--------------------------------        ----        ----        ------- ----- ------------
BSEG_BYTES                          00000020    00000001 =           1. bytes (REL,CON)

      Value  Global                              Global Defined In Module
      -----  --------------------------------   ------------------------
ASxxxx Linker V03.00/V05.40 + sdld,  page 10.
Hexadecimal  [32-Bits]

Area                                    Addr        Size        Decimal Bytes (Attributes)
--------------------------------        ----        ----        ------- ----- ------------
REG_BANK_0                          00000000    00000008 =           8. bytes (REL,OVR)

      Value  Global                              Global Defined In Module
      -----  --------------------------------   ------------------------
ASxxxx Linker V03.00/V05.40 + sdld,  page 11.
Hexadecimal  [32-Bits]

Area                                    Addr        Size        Decimal Bytes (Attributes)
--------------------------------        ----        ----        ------- ----- ------------
BIT_BANK                            00000021    00000001 =           1. bytes (REL,OVR)

      Value  Global                              Global Defined In Module
      -----  --------------------------------   ------------------------
ASxxxx Linker V03.00/V05.40 + sdld,  page 12.
Hexadecimal  [32-Bits]

Area                                    Addr        Size        Decimal Bytes (Attributes)
--------------------------------        ----        ----        ------- ----- ------------
DSEG                                00000000    0000007F =         127. bytes (REL,CON)

      Value  Global                              Global Defined In Module
      -----  --------------------------------   ------------------------
     00000008  _rx                                isp
     00000009  _i                                 isp
     0000000A  _bytes_to_receive                  isp
     0000000B  _rx_state                          isp
     0000000C  _rx_message_ptr                    isp
     0000000D  _eeprom_buf                        isp
     00000010  _cfg_val                           isp
     00000012  _addr                              isp
     00000016  _USB_SetupReq                      usb_handler
     00000017  _USB_SetupTyp                      usb_handler
     00000018  _USB_Config                        usb_handler
     00000019  _USB_Addr                          usb_handler
     0000001A  _USB_SetupLen                      usb_handler
     0000001C  _USB_pDescr                        usb_handler
     0000001E  _bp                                _bp
ASxxxx Linker V03.00/V05.40 + sdld,  page 13.
Hexadecimal  [32-Bits]

Area                                    Addr        Size        Decimal Bytes (Attributes)
--------------------------------        ----        ----        ------- ----- ------------
SSEG                                00000022    000000DE =         222. bytes (REL,OVR)

      Value  Global                              Global Defined In Module
      -----  --------------------------------   ------------------------
     00000022  __start__stack                     main

ASxxxx Linker V03.00/V05.40 + sdld,  page 14.
Hexadecimal  [32-Bits]

Area                                    Addr        Size        Decimal Bytes (Attributes)
--------------------------------        ----        ----        ------- ----- ------------
XSEG                                00000001    0000010C =         268. bytes (REL,CON,XDATA)

      Value  Global                              Global Defined In Module
      -----  --------------------------------   ------------------------
D:   00000001  _rx_message                        isp
D:   0000008D  _flash_buffer                      isp

ASxxxx Linker V03.00/V05.40 + sdld,  page 15.
Hexadecimal  [32-Bits]

Area                                    Addr        Size        Decimal Bytes (Attributes)
--------------------------------        ----        ----        ------- ----- ------------
XISEG                               0000010D    0000000B =          11. bytes (REL,CON,XDATA)

      Value  Global                              Global Defined In Module
      -----  --------------------------------   ------------------------
D:   0000010D  _CDC_lineCoding                    usb_cdc
D:   00000114  _CDC_controlLineState              usb_cdc
D:   00000115  _CDC_readByteCount                 usb_cdc
D:   00000116  _CDC_readPointer                   usb_cdc
D:   00000117  _CDC_writePointer                  usb_cdc

ASxxxx Linker V03.00/V05.40 + sdld,  page 16.
Hexadecimal  [32-Bits]

Area                                    Addr        Size        Decimal Bytes (Attributes)
--------------------------------        ----        ----        ------- ----- ------------
HOME                                00000000    00000049 =          73. bytes (REL,CON,CODE)

      Value  Global                              Global Defined In Module
      -----  --------------------------------   ------------------------
C:   00000046  __sdcc_program_startup             main

ASxxxx Linker V03.00/V05.40 + sdld,  page 17.
Hexadecimal  [32-Bits]

Area                                    Addr        Size        Decimal Bytes (Attributes)
--------------------------------        ----        ----        ------- ----- ------------
GSINIT0                             00000049    00000003 =           3. bytes (REL,CON,CODE)

      Value  Global                              Global Defined In Module
      -----  --------------------------------   ------------------------
C:   00000049  __sdcc_gsinit_startup              

ASxxxx Linker V03.00/V05.40 + sdld,  page 18.
Hexadecimal  [32-Bits]

Area                                    Addr        Size        Decimal Bytes (Attributes)
--------------------------------        ----        ----        ------- ----- ------------
GSINIT2                             0000004C    0000000A =          10. bytes (REL,CON,CODE)

      Value  Global                              Global Defined In Module
      -----  --------------------------------   ------------------------
ASxxxx Linker V03.00/V05.40 + sdld,  page 19.
Hexadecimal  [32-Bits]

Area                                    Addr        Size        Decimal Bytes (Attributes)
--------------------------------        ----        ----        ------- ----- ------------
GSINIT3                             00000056    00000022 =          34. bytes (REL,CON,CODE)

      Value  Global                              Global Defined In Module
      -----  --------------------------------   ------------------------
C:   00000056  __mcs51_genXINIT                   

ASxxxx Linker V03.00/V05.40 + sdld,  page 20.
Hexadecimal  [32-Bits]

Area                                    Addr        Size        Decimal Bytes (Attributes)
--------------------------------        ----        ----        ------- ----- ------------
GSINIT4                             00000078    0000002A =          42. bytes (REL,CON,CODE)

      Value  Global                              Global Defined In Module
      -----  --------------------------------   ------------------------
C:   00000078  __mcs51_genRAMCLEAR                
C:   0000007E  __mcs51_genXRAMCLEAR               

ASxxxx Linker V03.00/V05.40 + sdld,  page 21.
Hexadecimal  [32-Bits]

Area                                    Addr        Size        Decimal Bytes (Attributes)
--------------------------------        ----        ----        ------- ----- ------------
GSINIT                              000000A2    00000011 =          17. bytes (REL,CON,CODE)

      Value  Global                              Global Defined In Module
      -----  --------------------------------   ------------------------
ASxxxx Linker V03.00/V05.40 + sdld,  page 22.
Hexadecimal  [32-Bits]

Area                                    Addr        Size        Decimal Bytes (Attributes)
--------------------------------        ----        ----        ------- ----- ------------
GSFINAL                             000000B3    00000003 =           3. bytes (REL,CON,CODE)

      Value  Global                              Global Defined In Module
      -----  --------------------------------   ------------------------
ASxxxx Linker V03.00/V05.40 + sdld,  page 23.
Hexadecimal  [32-Bits]

Area                                    Addr        Size        Decimal Bytes (Attributes)
--------------------------------        ----        ----        ------- ----- ------------
CSEG                                000000B6    00002192 =        8594. bytes (REL,CON,CODE)

      Value  Global                              Global Defined In Module
      -----  --------------------------------   ------------------------
C:   000000B6  _ISP                               isp
C:   00000C0F  _rx_state_machine                  isp
C:   00000C7A  _isp_read_pgm                      isp
C:   00000CF5  _isp_read_eeprom                   isp
C:   00000DB9  _isp_write_pgm                     isp
C:   00000E80  _isp_send_config                   isp
C:   00000EA6  _isp_mass_erase                    isp
C:   00000EBE  _isp_reset_pointer                 isp
C:   00000ECB  _isp_reset_pointer_16d             isp
C:   00000EFC  _isp_set_pointer_16d               isp
C:   00000F68  _isp_inc_pointer                   isp
C:   00000F75  _isp_read_16                       isp
C:   00000FB5  _isp_read_8                        isp
C:   00000FF5  _isp_read_14s                      isp
C:   0000100F  _isp_send                          isp
C:   00001059  _isp_send_24_msb                   isp
C:   000010BB  _isp_send_8_msb                    isp
C:   000010F5  _isp_read_8_msb                    isp
C:   00001134  _isp_read_16_msb                   isp
C:   00001173  _enter_progmode                    isp
C:   000011BB  _p18_enter_progmode                isp
C:   000011E7  _p18_isp_mass_erase                isp
C:   00001249  _p18fj_isp_mass_erase              isp
C:   000012AB  _p18fk_isp_mass_erase              isp
C:   00001377  _p18fk_isp_write_pgm               isp
C:   0000147C  _p18_isp_write_pgm                 isp
C:   00001581  _p18_isp_write_cfg                 isp
C:   00001631  _p18fk_isp_write_cfg               isp
C:   000016CF  _p_18_modfied_nop                  isp
C:   00001729  _p_18_isp_read_pgm                 isp
C:   000017B8  _p18_set_tblptr                    isp
C:   0000184B  _p18_read_pgm_byte                 isp
C:   00001866  _p18_get_ID                        isp
C:   0000188F  _p18_send_cmd_payload              isp
C:   000018C1  _p18_get_cmd_payload               isp
C:   000018D5  _exit_progmode                     isp
C:   000018FB  _p16c_enter_progmode               isp
C:   00001925  _p16c_set_pc                       isp
C:   00001952  _p16c_bulk_erase                   isp
C:   0000195E  _p16c_load_nvm                     isp
C:   000019B1  _p16c_read_data_nvm                isp
C:   000019EC  _p16c_begin_prog                   isp
C:   00001A08  _p16c_get_ID                       isp
C:   00001A17  _p16c_isp_write_pgm                isp
C:   00001A96  _p16c_isp_read_pgm                 isp
C:   00001B06  _p16c_isp_write_cfg                isp
C:   00001B3E  _p18q_isp_write_pgm                isp
C:   00001BB6  _p18q_isp_write_cfg                isp
C:   00001BF6  _usart_tx_b                        isp
C:   00001C04  _DLY_us                            delay
ASxxxx Linker V03.00/V05.40 + sdld,  page 24.
Hexadecimal  [32-Bits]

Area                                    Addr        Size        Decimal Bytes (Attributes)
--------------------------------        ----        ----        ------- ----- ------------
CSEG                                000000B6    00002192 =        8594. bytes (REL,CON,CODE)

      Value  Global                              Global Defined In Module
      -----  --------------------------------   ------------------------
C:   00001C22  _DLY_ms                            delay
C:   00001C3C  _CDC_flush                         usb_cdc
C:   00001C56  _CDC_write                         usb_cdc
C:   00001C83  _CDC_print                         usb_cdc
C:   00001CAE  _CDC_println                       usb_cdc
C:   00001CBA  _CDC_read                          usb_cdc
C:   00001CE3  _CDC_EP_init                       usb_cdc
C:   00001D0D  _CDC_control                       usb_cdc
C:   00001D52  _CDC_EP0_OUT                       usb_cdc
C:   00001D88  _CDC_EP2_IN                        usb_cdc
C:   00001D93  _CDC_EP2_OUT                       usb_cdc
C:   00001DAE  _USB_EP_init                       usb_handler
C:   00001DC1  _USB_init                          usb_handler
C:   00001DD5  _USB_EP0_copyDescr                 usb_handler
C:   00001DF9  _USB_EP0_SETUP                     usb_handler
C:   0000205A  _USB_EP0_IN                        usb_handler
C:   000020AD  _USB_EP0_OUT                       usb_handler
C:   000020C1  _USB_interrupt                     usb_handler
C:   00002125  ___sdcc_external_startup           main
C:   00002129  _USB_ISR                           main
C:   00002168  _main                              main
C:   000021A3  __gptrput                          _gptrput
C:   000021BE  __gptrget                          _gptrget
C:   000021DA  __divsint                          _divsint
C:   00002217  __divuint                          _divuint
C:   00002221  __divint                           _divuint

ASxxxx Linker V03.00/V05.40 + sdld,  page 25.
Hexadecimal  [32-Bits]

Area                                    Addr        Size        Decimal Bytes (Attributes)
--------------------------------        ----        ----        ------- ----- ------------
CONST                               00002248    000000B3 =         179. bytes (REL,CON,CODE)

      Value  Global                              Global Defined In Module
      -----  --------------------------------   ------------------------
C:   00002248  _DevDescr                          usb_descr
C:   0000225A  _CfgDescr                          usb_descr
C:   000022A5  _LangDescr                         usb_descr
C:   000022A9  _ManufDescr                        usb_descr
C:   000022C1  _ProdDescr                         usb_descr
C:   000022D3  _SerDescr                          usb_descr
C:   000022E5  _InterfDescr                       usb_descr

ASxxxx Linker V03.00/V05.40 + sdld,  page 26.
Hexadecimal  [32-Bits]

Area                                    Addr        Size        Decimal Bytes (Attributes)
--------------------------------        ----        ----        ------- ----- ------------
XINIT                               000022FB    0000000B =          11. bytes (REL,CON,CODE)

      Value  Global                              Global Defined In Module
      -----  --------------------------------   ------------------------
ASxxxx Linker V03.00/V05.40 + sdld,  page 27.

Files Linked                              [ module(s) ]

obj\Release\isp.rel                       [  ]
obj\Release\lib\delay.rel                 [  ]
obj\Release\lib\usb_cdc.rel               [  ]
obj\Release\lib\usb_descr.rel             [  ]
obj\Release\lib\usb_handler.rel           [  ]
obj\Release\main.rel                      [  ]


Libraries Linked                          [ object file ]

C:\embed\software\compilers\SDCC\bin\..\lib\small-stack-auto/mcs51.lib
                                          [ crtclear.rel ]
C:\embed\software\compilers\SDCC\bin\..\lib\small-stack-auto/mcs51.lib
                                          [ crtxinit.rel ]
C:\embed\software\compilers\SDCC\bin\..\lib\small-stack-auto/libsdcc.lib
                                          [ _gptrput.rel ]
C:\embed\software\compilers\SDCC\bin\..\lib\small-stack-auto/mcs51.lib
                                          [ crtxclear.rel ]
C:\embed\software\compilers\SDCC\bin\..\lib\small-stack-auto/libsdcc.lib
                                          [ _bp.rel ]
C:\embed\software\compilers\SDCC\bin\..\lib\small-stack-auto/mcs51.lib
                                          [ crtpagesfr.rel ]
C:\embed\software\compilers\SDCC\bin\..\lib\small-stack-auto/mcs51.lib
                                          [ crtstart.rel ]
C:\embed\software\compilers\SDCC\bin\..\lib\small-stack-auto/libsdcc.lib
                                          [ _gptrget.rel ]
C:\embed\software\compilers\SDCC\bin\..\lib\small-stack-auto/libint.lib
                                          [ _divsint.rel ]
C:\embed\software\compilers\SDCC\bin\..\lib\small-stack-auto/libint.lib
                                          [ _divuint.rel ]

ASxxxx Linker V03.00/V05.40 + sdld,  page 28.

User Base Address Definitions

HOME = 0x0000
XSEG = 0x0001
PSEG = 0x0001
ISEG = 0x0000
BSEG = 0x0000

