                                      1 ;--------------------------------------------------------
                                      2 ; File Created by SDCC : free open source ISO C Compiler 
                                      3 ; Version 4.3.0 #14184 (MINGW64)
                                      4 ;--------------------------------------------------------
                                      5 	.module usb_descr
                                      6 	.optsdcc -mmcs51 --model-small
                                      7 	
                                      8 ;--------------------------------------------------------
                                      9 ; Public variables in this module
                                     10 ;--------------------------------------------------------
                                     11 	.globl _InterfDescr
                                     12 	.globl _SerDescr
                                     13 	.globl _ProdDescr
                                     14 	.globl _ManufDescr
                                     15 	.globl _LangDescr
                                     16 	.globl _CfgDescr
                                     17 	.globl _DevDescr
                                     18 	.globl _EP2_buffer
                                     19 	.globl _EP1_buffer
                                     20 	.globl _EP0_buffer
                                     21 ;--------------------------------------------------------
                                     22 ; special function registers
                                     23 ;--------------------------------------------------------
                                     24 	.area RSEG    (ABS,DATA)
      000000                         25 	.org 0x0000
                                     26 ;--------------------------------------------------------
                                     27 ; special function bits
                                     28 ;--------------------------------------------------------
                                     29 	.area RSEG    (ABS,DATA)
      000000                         30 	.org 0x0000
                                     31 ;--------------------------------------------------------
                                     32 ; overlayable register banks
                                     33 ;--------------------------------------------------------
                                     34 	.area REG_BANK_0	(REL,OVR,DATA)
      000000                         35 	.ds 8
                                     36 ;--------------------------------------------------------
                                     37 ; internal ram data
                                     38 ;--------------------------------------------------------
                                     39 	.area DSEG    (DATA)
                                     40 ;--------------------------------------------------------
                                     41 ; overlayable items in internal ram
                                     42 ;--------------------------------------------------------
                                     43 ;--------------------------------------------------------
                                     44 ; indirectly addressable internal ram data
                                     45 ;--------------------------------------------------------
                                     46 	.area ISEG    (DATA)
                                     47 ;--------------------------------------------------------
                                     48 ; absolute internal ram data
                                     49 ;--------------------------------------------------------
                                     50 	.area IABS    (ABS,DATA)
                                     51 	.area IABS    (ABS,DATA)
                                     52 ;--------------------------------------------------------
                                     53 ; bit data
                                     54 ;--------------------------------------------------------
                                     55 	.area BSEG    (BIT)
                                     56 ;--------------------------------------------------------
                                     57 ; paged external ram data
                                     58 ;--------------------------------------------------------
                                     59 	.area PSEG    (PAG,XDATA)
                                     60 ;--------------------------------------------------------
                                     61 ; uninitialized external ram data
                                     62 ;--------------------------------------------------------
                                     63 	.area XSEG    (XDATA)
                           000000    64 _EP0_buffer	=	0x0000
                           00000A    65 _EP1_buffer	=	0x000a
                           000014    66 _EP2_buffer	=	0x0014
                                     67 ;--------------------------------------------------------
                                     68 ; absolute external ram data
                                     69 ;--------------------------------------------------------
                                     70 	.area XABS    (ABS,XDATA)
                                     71 ;--------------------------------------------------------
                                     72 ; initialized external ram data
                                     73 ;--------------------------------------------------------
                                     74 	.area XISEG   (XDATA)
                                     75 	.area HOME    (CODE)
                                     76 	.area GSINIT0 (CODE)
                                     77 	.area GSINIT1 (CODE)
                                     78 	.area GSINIT2 (CODE)
                                     79 	.area GSINIT3 (CODE)
                                     80 	.area GSINIT4 (CODE)
                                     81 	.area GSINIT5 (CODE)
                                     82 	.area GSINIT  (CODE)
                                     83 	.area GSFINAL (CODE)
                                     84 	.area CSEG    (CODE)
                                     85 ;--------------------------------------------------------
                                     86 ; global & static initialisations
                                     87 ;--------------------------------------------------------
                                     88 	.area HOME    (CODE)
                                     89 	.area GSINIT  (CODE)
                                     90 	.area GSFINAL (CODE)
                                     91 	.area GSINIT  (CODE)
                                     92 ;--------------------------------------------------------
                                     93 ; Home
                                     94 ;--------------------------------------------------------
                                     95 	.area HOME    (CODE)
                                     96 	.area HOME    (CODE)
                                     97 ;--------------------------------------------------------
                                     98 ; code
                                     99 ;--------------------------------------------------------
                                    100 	.area CSEG    (CODE)
                                    101 	.area CSEG    (CODE)
                                    102 	.area CONST   (CODE)
      000000                        103 _DevDescr:
      000000 12                     104 	.db #0x12	; 18
      000001 01                     105 	.db #0x01	; 1
      000002 10 01                  106 	.byte #0x10, #0x01	; 272
      000004 00                     107 	.db #0x00	; 0
      000005 00                     108 	.db #0x00	; 0
      000006 00                     109 	.db #0x00	; 0
      000007 08                     110 	.db #0x08	; 8
      000008 C0 16                  111 	.byte #0xc0, #0x16	; 5824
      00000A DD 27                  112 	.byte #0xdd, #0x27	; 10205
      00000C 00 01                  113 	.byte #0x00, #0x01	; 256
      00000E 01                     114 	.db #0x01	; 1
      00000F 02                     115 	.db #0x02	; 2
      000010 03                     116 	.db #0x03	; 3
      000011 01                     117 	.db #0x01	; 1
      000012                        118 _CfgDescr:
      000012 09                     119 	.db #0x09	; 9
      000013 02                     120 	.db #0x02	; 2
      000014 4B 00                  121 	.byte #0x4b, #0x00	; 75
      000016 02                     122 	.db #0x02	; 2
      000017 01                     123 	.db #0x01	; 1
      000018 00                     124 	.db #0x00	; 0
      000019 80                     125 	.db #0x80	; 128
      00001A 64                     126 	.db #0x64	; 100	'd'
      00001B 08                     127 	.db #0x08	; 8
      00001C 0B                     128 	.db #0x0b	; 11
      00001D 00                     129 	.db #0x00	; 0
      00001E 02                     130 	.db #0x02	; 2
      00001F 02                     131 	.db #0x02	; 2
      000020 02                     132 	.db #0x02	; 2
      000021 01                     133 	.db #0x01	; 1
      000022 04                     134 	.db #0x04	; 4
      000023 09                     135 	.db #0x09	; 9
      000024 04                     136 	.db #0x04	; 4
      000025 00                     137 	.db #0x00	; 0
      000026 00                     138 	.db #0x00	; 0
      000027 01                     139 	.db #0x01	; 1
      000028 02                     140 	.db #0x02	; 2
      000029 02                     141 	.db #0x02	; 2
      00002A 01                     142 	.db #0x01	; 1
      00002B 04                     143 	.db #0x04	; 4
      00002C 05                     144 	.db #0x05	; 5
      00002D 24                     145 	.db #0x24	; 36
      00002E 00                     146 	.db #0x00	; 0
      00002F 10                     147 	.db #0x10	; 16
      000030 01                     148 	.db #0x01	; 1
      000031 05                     149 	.db #0x05	; 5
      000032 24                     150 	.db #0x24	; 36
      000033 01                     151 	.db #0x01	; 1
      000034 00                     152 	.db #0x00	; 0
      000035 00                     153 	.db #0x00	; 0
      000036 04                     154 	.db #0x04	; 4
      000037 24                     155 	.db #0x24	; 36
      000038 02                     156 	.db #0x02	; 2
      000039 02                     157 	.db #0x02	; 2
      00003A 05                     158 	.db #0x05	; 5
      00003B 24                     159 	.db #0x24	; 36
      00003C 06                     160 	.db #0x06	; 6
      00003D 00                     161 	.db #0x00	; 0
      00003E 01                     162 	.db #0x01	; 1
      00003F 07                     163 	.db #0x07	; 7
      000040 05                     164 	.db #0x05	; 5
      000041 81                     165 	.db #0x81	; 129
      000042 03                     166 	.db #0x03	; 3
      000043 08 00                  167 	.byte #0x08, #0x00	; 8
      000045 01                     168 	.db #0x01	; 1
      000046 09                     169 	.db #0x09	; 9
      000047 04                     170 	.db #0x04	; 4
      000048 01                     171 	.db #0x01	; 1
      000049 00                     172 	.db #0x00	; 0
      00004A 02                     173 	.db #0x02	; 2
      00004B 0A                     174 	.db #0x0a	; 10
      00004C 00                     175 	.db #0x00	; 0
      00004D 00                     176 	.db #0x00	; 0
      00004E 04                     177 	.db #0x04	; 4
      00004F 07                     178 	.db #0x07	; 7
      000050 05                     179 	.db #0x05	; 5
      000051 02                     180 	.db #0x02	; 2
      000052 02                     181 	.db #0x02	; 2
      000053 40 00                  182 	.byte #0x40, #0x00	; 64
      000055 00                     183 	.db #0x00	; 0
      000056 07                     184 	.db #0x07	; 7
      000057 05                     185 	.db #0x05	; 5
      000058 82                     186 	.db #0x82	; 130
      000059 02                     187 	.db #0x02	; 2
      00005A 40 00                  188 	.byte #0x40, #0x00	; 64
      00005C 00                     189 	.db #0x00	; 0
      00005D                        190 _LangDescr:
      00005D 04 03                  191 	.byte #0x04, #0x03	; 772
      00005F 09 04                  192 	.byte #0x09, #0x04	; 1033
      000061                        193 _ManufDescr:
      000061 18 03                  194 	.byte #0x18, #0x03	; 792
      000063 77 00                  195 	.byte #0x77, #0x00	; 119
      000065 61 00                  196 	.byte #0x61, #0x00	; 97
      000067 67 00                  197 	.byte #0x67, #0x00	; 103
      000069 69 00                  198 	.byte #0x69, #0x00	; 105
      00006B 6D 00                  199 	.byte #0x6d, #0x00	; 109
      00006D 69 00                  200 	.byte #0x69, #0x00	; 105
      00006F 6E 00                  201 	.byte #0x6e, #0x00	; 110
      000071 61 00                  202 	.byte #0x61, #0x00	; 97
      000073 74 00                  203 	.byte #0x74, #0x00	; 116
      000075 6F 00                  204 	.byte #0x6f, #0x00	; 111
      000077 72 00                  205 	.byte #0x72, #0x00	; 114
      000079                        206 _ProdDescr:
      000079 12 03                  207 	.byte #0x12, #0x03	; 786
      00007B 43 00                  208 	.byte #0x43, #0x00	; 67
      00007D 48 00                  209 	.byte #0x48, #0x00	; 72
      00007F 35 00                  210 	.byte #0x35, #0x00	; 53
      000081 35 00                  211 	.byte #0x35, #0x00	; 53
      000083 78 00                  212 	.byte #0x78, #0x00	; 120
      000085 43 00                  213 	.byte #0x43, #0x00	; 67
      000087 44 00                  214 	.byte #0x44, #0x00	; 68
      000089 43 00                  215 	.byte #0x43, #0x00	; 67
      00008B                        216 _SerDescr:
      00008B 12 03                  217 	.byte #0x12, #0x03	; 786
      00008D 43 00                  218 	.byte #0x43, #0x00	; 67
      00008F 48 00                  219 	.byte #0x48, #0x00	; 72
      000091 35 00                  220 	.byte #0x35, #0x00	; 53
      000093 35 00                  221 	.byte #0x35, #0x00	; 53
      000095 78 00                  222 	.byte #0x78, #0x00	; 120
      000097 43 00                  223 	.byte #0x43, #0x00	; 67
      000099 44 00                  224 	.byte #0x44, #0x00	; 68
      00009B 43 00                  225 	.byte #0x43, #0x00	; 67
      00009D                        226 _InterfDescr:
      00009D 16 03                  227 	.byte #0x16, #0x03	; 790
      00009F 43 00                  228 	.byte #0x43, #0x00	; 67
      0000A1 44 00                  229 	.byte #0x44, #0x00	; 68
      0000A3 43 00                  230 	.byte #0x43, #0x00	; 67
      0000A5 2D 00                  231 	.byte #0x2d, #0x00	; 45
      0000A7 53 00                  232 	.byte #0x53, #0x00	; 83
      0000A9 65 00                  233 	.byte #0x65, #0x00	; 101
      0000AB 72 00                  234 	.byte #0x72, #0x00	; 114
      0000AD 69 00                  235 	.byte #0x69, #0x00	; 105
      0000AF 61 00                  236 	.byte #0x61, #0x00	; 97
      0000B1 6C 00                  237 	.byte #0x6c, #0x00	; 108
                                    238 	.area XINIT   (CODE)
                                    239 	.area CABS    (ABS,CODE)
