                                      1 ;--------------------------------------------------------
                                      2 ; File Created by SDCC : free open source ISO C Compiler 
                                      3 ; Version 4.3.0 #14184 (MINGW64)
                                      4 ;--------------------------------------------------------
                                      5 	.module usb_handler
                                      6 	.optsdcc -mmcs51 --model-small
                                      7 	
                                      8 ;--------------------------------------------------------
                                      9 ; Public variables in this module
                                     10 ;--------------------------------------------------------
                                     11 	.globl _USB_EP0_OUT
                                     12 	.globl _USB_EP0_IN
                                     13 	.globl _USB_EP0_SETUP
                                     14 	.globl _USB_EP_init
                                     15 	.globl _CDC_EP2_OUT
                                     16 	.globl _CDC_EP2_IN
                                     17 	.globl _CDC_EP0_OUT
                                     18 	.globl _CDC_EP_init
                                     19 	.globl _CDC_control
                                     20 	.globl _UIF_BUS_RST
                                     21 	.globl _UIF_DETECT
                                     22 	.globl _UIF_TRANSFER
                                     23 	.globl _UIF_SUSPEND
                                     24 	.globl _UIF_HST_SOF
                                     25 	.globl _UIF_FIFO_OV
                                     26 	.globl _U_SIE_FREE
                                     27 	.globl _U_TOG_OK
                                     28 	.globl _U_IS_NAK
                                     29 	.globl _ADC_CHAN0
                                     30 	.globl _ADC_CHAN1
                                     31 	.globl _CMP_CHAN
                                     32 	.globl _ADC_START
                                     33 	.globl _ADC_IF
                                     34 	.globl _CMP_IF
                                     35 	.globl _CMPO
                                     36 	.globl _U1RI
                                     37 	.globl _U1TI
                                     38 	.globl _U1RB8
                                     39 	.globl _U1TB8
                                     40 	.globl _U1REN
                                     41 	.globl _U1SMOD
                                     42 	.globl _U1SM0
                                     43 	.globl _S0_R_FIFO
                                     44 	.globl _S0_T_FIFO
                                     45 	.globl _S0_FREE
                                     46 	.globl _S0_IF_BYTE
                                     47 	.globl _S0_IF_FIRST
                                     48 	.globl _S0_IF_OV
                                     49 	.globl _S0_FST_ACT
                                     50 	.globl _CP_RL2
                                     51 	.globl _C_T2
                                     52 	.globl _TR2
                                     53 	.globl _EXEN2
                                     54 	.globl _TCLK
                                     55 	.globl _RCLK
                                     56 	.globl _EXF2
                                     57 	.globl _CAP1F
                                     58 	.globl _TF2
                                     59 	.globl _RI
                                     60 	.globl _TI
                                     61 	.globl _RB8
                                     62 	.globl _TB8
                                     63 	.globl _REN
                                     64 	.globl _SM2
                                     65 	.globl _SM1
                                     66 	.globl _SM0
                                     67 	.globl _IT0
                                     68 	.globl _IE0
                                     69 	.globl _IT1
                                     70 	.globl _IE1
                                     71 	.globl _TR0
                                     72 	.globl _TF0
                                     73 	.globl _TR1
                                     74 	.globl _TF1
                                     75 	.globl _RXD
                                     76 	.globl _PWM1_
                                     77 	.globl _TXD
                                     78 	.globl _PWM2_
                                     79 	.globl _AIN3
                                     80 	.globl _VBUS1
                                     81 	.globl _INT0
                                     82 	.globl _TXD1_
                                     83 	.globl _INT1
                                     84 	.globl _T0
                                     85 	.globl _RXD1_
                                     86 	.globl _PWM2
                                     87 	.globl _T1
                                     88 	.globl _UDP
                                     89 	.globl _UDM
                                     90 	.globl _TIN0
                                     91 	.globl _CAP1
                                     92 	.globl _T2
                                     93 	.globl _AIN0
                                     94 	.globl _VBUS2
                                     95 	.globl _TIN1
                                     96 	.globl _CAP2
                                     97 	.globl _T2EX
                                     98 	.globl _RXD_
                                     99 	.globl _TXD_
                                    100 	.globl _AIN1
                                    101 	.globl _UCC1
                                    102 	.globl _TIN2
                                    103 	.globl _SCS
                                    104 	.globl _CAP1_
                                    105 	.globl _T2_
                                    106 	.globl _AIN2
                                    107 	.globl _UCC2
                                    108 	.globl _TIN3
                                    109 	.globl _PWM1
                                    110 	.globl _MOSI
                                    111 	.globl _TIN4
                                    112 	.globl _RXD1
                                    113 	.globl _MISO
                                    114 	.globl _TIN5
                                    115 	.globl _TXD1
                                    116 	.globl _SCK
                                    117 	.globl _IE_SPI0
                                    118 	.globl _IE_TKEY
                                    119 	.globl _IE_USB
                                    120 	.globl _IE_ADC
                                    121 	.globl _IE_UART1
                                    122 	.globl _IE_PWMX
                                    123 	.globl _IE_GPIO
                                    124 	.globl _IE_WDOG
                                    125 	.globl _PX0
                                    126 	.globl _PT0
                                    127 	.globl _PX1
                                    128 	.globl _PT1
                                    129 	.globl _PS
                                    130 	.globl _PT2
                                    131 	.globl _PL_FLAG
                                    132 	.globl _PH_FLAG
                                    133 	.globl _EX0
                                    134 	.globl _ET0
                                    135 	.globl _EX1
                                    136 	.globl _ET1
                                    137 	.globl _ES
                                    138 	.globl _ET2
                                    139 	.globl _E_DIS
                                    140 	.globl _EA
                                    141 	.globl _P
                                    142 	.globl _F1
                                    143 	.globl _OV
                                    144 	.globl _RS0
                                    145 	.globl _RS1
                                    146 	.globl _F0
                                    147 	.globl _AC
                                    148 	.globl _CY
                                    149 	.globl _UEP1_DMA_H
                                    150 	.globl _UEP1_DMA_L
                                    151 	.globl _UEP1_DMA
                                    152 	.globl _UEP0_DMA_H
                                    153 	.globl _UEP0_DMA_L
                                    154 	.globl _UEP0_DMA
                                    155 	.globl _UEP2_3_MOD
                                    156 	.globl _UEP4_1_MOD
                                    157 	.globl _UEP3_DMA_H
                                    158 	.globl _UEP3_DMA_L
                                    159 	.globl _UEP3_DMA
                                    160 	.globl _UEP2_DMA_H
                                    161 	.globl _UEP2_DMA_L
                                    162 	.globl _UEP2_DMA
                                    163 	.globl _USB_DEV_AD
                                    164 	.globl _USB_CTRL
                                    165 	.globl _USB_INT_EN
                                    166 	.globl _UEP4_T_LEN
                                    167 	.globl _UEP4_CTRL
                                    168 	.globl _UEP0_T_LEN
                                    169 	.globl _UEP0_CTRL
                                    170 	.globl _USB_RX_LEN
                                    171 	.globl _USB_MIS_ST
                                    172 	.globl _USB_INT_ST
                                    173 	.globl _USB_INT_FG
                                    174 	.globl _UEP3_T_LEN
                                    175 	.globl _UEP3_CTRL
                                    176 	.globl _UEP2_T_LEN
                                    177 	.globl _UEP2_CTRL
                                    178 	.globl _UEP1_T_LEN
                                    179 	.globl _UEP1_CTRL
                                    180 	.globl _UDEV_CTRL
                                    181 	.globl _USB_C_CTRL
                                    182 	.globl _TKEY_DATH
                                    183 	.globl _TKEY_DATL
                                    184 	.globl _TKEY_DAT
                                    185 	.globl _TKEY_CTRL
                                    186 	.globl _ADC_DATA
                                    187 	.globl _ADC_CFG
                                    188 	.globl _ADC_CTRL
                                    189 	.globl _SBAUD1
                                    190 	.globl _SBUF1
                                    191 	.globl _SCON1
                                    192 	.globl _SPI0_SETUP
                                    193 	.globl _SPI0_CK_SE
                                    194 	.globl _SPI0_CTRL
                                    195 	.globl _SPI0_DATA
                                    196 	.globl _SPI0_STAT
                                    197 	.globl _PWM_CK_SE
                                    198 	.globl _PWM_CTRL
                                    199 	.globl _PWM_DATA1
                                    200 	.globl _PWM_DATA2
                                    201 	.globl _T2CAP1H
                                    202 	.globl _T2CAP1L
                                    203 	.globl _T2CAP1
                                    204 	.globl _TH2
                                    205 	.globl _TL2
                                    206 	.globl _T2COUNT
                                    207 	.globl _RCAP2H
                                    208 	.globl _RCAP2L
                                    209 	.globl _RCAP2
                                    210 	.globl _T2MOD
                                    211 	.globl _T2CON
                                    212 	.globl _SBUF
                                    213 	.globl _SCON
                                    214 	.globl _TH1
                                    215 	.globl _TH0
                                    216 	.globl _TL1
                                    217 	.globl _TL0
                                    218 	.globl _TMOD
                                    219 	.globl _TCON
                                    220 	.globl _XBUS_AUX
                                    221 	.globl _PIN_FUNC
                                    222 	.globl _P3_DIR_PU
                                    223 	.globl _P3_MOD_OC
                                    224 	.globl _P3
                                    225 	.globl _P2
                                    226 	.globl _P1_DIR_PU
                                    227 	.globl _P1_MOD_OC
                                    228 	.globl _P1
                                    229 	.globl _ROM_CTRL
                                    230 	.globl _ROM_DATA_H
                                    231 	.globl _ROM_DATA_L
                                    232 	.globl _ROM_DATA
                                    233 	.globl _ROM_ADDR_H
                                    234 	.globl _ROM_ADDR_L
                                    235 	.globl _ROM_ADDR
                                    236 	.globl _GPIO_IE
                                    237 	.globl _IP_EX
                                    238 	.globl _IE_EX
                                    239 	.globl _IP
                                    240 	.globl _IE
                                    241 	.globl _WDOG_COUNT
                                    242 	.globl _RESET_KEEP
                                    243 	.globl _WAKE_CTRL
                                    244 	.globl _CLOCK_CFG
                                    245 	.globl _PCON
                                    246 	.globl _GLOBAL_CFG
                                    247 	.globl _SAFE_MOD
                                    248 	.globl _DPH
                                    249 	.globl _DPL
                                    250 	.globl _SP
                                    251 	.globl _B
                                    252 	.globl _ACC
                                    253 	.globl _PSW
                                    254 	.globl _EP2_buffer
                                    255 	.globl _EP1_buffer
                                    256 	.globl _EP0_buffer
                                    257 	.globl _USB_ENUM_OK
                                    258 	.globl _USB_pDescr
                                    259 	.globl _USB_SetupLen
                                    260 	.globl _USB_Addr
                                    261 	.globl _USB_Config
                                    262 	.globl _USB_SetupTyp
                                    263 	.globl _USB_SetupReq
                                    264 	.globl _USB_init
                                    265 	.globl _USB_EP0_copyDescr
                                    266 	.globl _USB_interrupt
                                    267 ;--------------------------------------------------------
                                    268 ; special function registers
                                    269 ;--------------------------------------------------------
                                    270 	.area RSEG    (ABS,DATA)
      000000                        271 	.org 0x0000
                           0000D0   272 _PSW	=	0x00d0
                           0000E0   273 _ACC	=	0x00e0
                           0000F0   274 _B	=	0x00f0
                           000081   275 _SP	=	0x0081
                           000082   276 _DPL	=	0x0082
                           000083   277 _DPH	=	0x0083
                           0000A1   278 _SAFE_MOD	=	0x00a1
                           0000B1   279 _GLOBAL_CFG	=	0x00b1
                           000087   280 _PCON	=	0x0087
                           0000B9   281 _CLOCK_CFG	=	0x00b9
                           0000A9   282 _WAKE_CTRL	=	0x00a9
                           0000FE   283 _RESET_KEEP	=	0x00fe
                           0000FF   284 _WDOG_COUNT	=	0x00ff
                           0000A8   285 _IE	=	0x00a8
                           0000B8   286 _IP	=	0x00b8
                           0000E8   287 _IE_EX	=	0x00e8
                           0000E9   288 _IP_EX	=	0x00e9
                           0000C7   289 _GPIO_IE	=	0x00c7
                           008584   290 _ROM_ADDR	=	0x8584
                           000084   291 _ROM_ADDR_L	=	0x0084
                           000085   292 _ROM_ADDR_H	=	0x0085
                           008F8E   293 _ROM_DATA	=	0x8f8e
                           00008E   294 _ROM_DATA_L	=	0x008e
                           00008F   295 _ROM_DATA_H	=	0x008f
                           000086   296 _ROM_CTRL	=	0x0086
                           000090   297 _P1	=	0x0090
                           000092   298 _P1_MOD_OC	=	0x0092
                           000093   299 _P1_DIR_PU	=	0x0093
                           0000A0   300 _P2	=	0x00a0
                           0000B0   301 _P3	=	0x00b0
                           000096   302 _P3_MOD_OC	=	0x0096
                           000097   303 _P3_DIR_PU	=	0x0097
                           0000C6   304 _PIN_FUNC	=	0x00c6
                           0000A2   305 _XBUS_AUX	=	0x00a2
                           000088   306 _TCON	=	0x0088
                           000089   307 _TMOD	=	0x0089
                           00008A   308 _TL0	=	0x008a
                           00008B   309 _TL1	=	0x008b
                           00008C   310 _TH0	=	0x008c
                           00008D   311 _TH1	=	0x008d
                           000098   312 _SCON	=	0x0098
                           000099   313 _SBUF	=	0x0099
                           0000C8   314 _T2CON	=	0x00c8
                           0000C9   315 _T2MOD	=	0x00c9
                           00CBCA   316 _RCAP2	=	0xcbca
                           0000CA   317 _RCAP2L	=	0x00ca
                           0000CB   318 _RCAP2H	=	0x00cb
                           00CDCC   319 _T2COUNT	=	0xcdcc
                           0000CC   320 _TL2	=	0x00cc
                           0000CD   321 _TH2	=	0x00cd
                           00CFCE   322 _T2CAP1	=	0xcfce
                           0000CE   323 _T2CAP1L	=	0x00ce
                           0000CF   324 _T2CAP1H	=	0x00cf
                           00009B   325 _PWM_DATA2	=	0x009b
                           00009C   326 _PWM_DATA1	=	0x009c
                           00009D   327 _PWM_CTRL	=	0x009d
                           00009E   328 _PWM_CK_SE	=	0x009e
                           0000F8   329 _SPI0_STAT	=	0x00f8
                           0000F9   330 _SPI0_DATA	=	0x00f9
                           0000FA   331 _SPI0_CTRL	=	0x00fa
                           0000FB   332 _SPI0_CK_SE	=	0x00fb
                           0000FC   333 _SPI0_SETUP	=	0x00fc
                           0000C0   334 _SCON1	=	0x00c0
                           0000C1   335 _SBUF1	=	0x00c1
                           0000C2   336 _SBAUD1	=	0x00c2
                           000080   337 _ADC_CTRL	=	0x0080
                           00009A   338 _ADC_CFG	=	0x009a
                           00009F   339 _ADC_DATA	=	0x009f
                           0000C3   340 _TKEY_CTRL	=	0x00c3
                           00C5C4   341 _TKEY_DAT	=	0xc5c4
                           0000C4   342 _TKEY_DATL	=	0x00c4
                           0000C5   343 _TKEY_DATH	=	0x00c5
                           000091   344 _USB_C_CTRL	=	0x0091
                           0000D1   345 _UDEV_CTRL	=	0x00d1
                           0000D2   346 _UEP1_CTRL	=	0x00d2
                           0000D3   347 _UEP1_T_LEN	=	0x00d3
                           0000D4   348 _UEP2_CTRL	=	0x00d4
                           0000D5   349 _UEP2_T_LEN	=	0x00d5
                           0000D6   350 _UEP3_CTRL	=	0x00d6
                           0000D7   351 _UEP3_T_LEN	=	0x00d7
                           0000D8   352 _USB_INT_FG	=	0x00d8
                           0000D9   353 _USB_INT_ST	=	0x00d9
                           0000DA   354 _USB_MIS_ST	=	0x00da
                           0000DB   355 _USB_RX_LEN	=	0x00db
                           0000DC   356 _UEP0_CTRL	=	0x00dc
                           0000DD   357 _UEP0_T_LEN	=	0x00dd
                           0000DE   358 _UEP4_CTRL	=	0x00de
                           0000DF   359 _UEP4_T_LEN	=	0x00df
                           0000E1   360 _USB_INT_EN	=	0x00e1
                           0000E2   361 _USB_CTRL	=	0x00e2
                           0000E3   362 _USB_DEV_AD	=	0x00e3
                           00E5E4   363 _UEP2_DMA	=	0xe5e4
                           0000E4   364 _UEP2_DMA_L	=	0x00e4
                           0000E5   365 _UEP2_DMA_H	=	0x00e5
                           00E7E6   366 _UEP3_DMA	=	0xe7e6
                           0000E6   367 _UEP3_DMA_L	=	0x00e6
                           0000E7   368 _UEP3_DMA_H	=	0x00e7
                           0000EA   369 _UEP4_1_MOD	=	0x00ea
                           0000EB   370 _UEP2_3_MOD	=	0x00eb
                           00EDEC   371 _UEP0_DMA	=	0xedec
                           0000EC   372 _UEP0_DMA_L	=	0x00ec
                           0000ED   373 _UEP0_DMA_H	=	0x00ed
                           00EFEE   374 _UEP1_DMA	=	0xefee
                           0000EE   375 _UEP1_DMA_L	=	0x00ee
                           0000EF   376 _UEP1_DMA_H	=	0x00ef
                                    377 ;--------------------------------------------------------
                                    378 ; special function bits
                                    379 ;--------------------------------------------------------
                                    380 	.area RSEG    (ABS,DATA)
      000000                        381 	.org 0x0000
                           0000D7   382 _CY	=	0x00d7
                           0000D6   383 _AC	=	0x00d6
                           0000D5   384 _F0	=	0x00d5
                           0000D4   385 _RS1	=	0x00d4
                           0000D3   386 _RS0	=	0x00d3
                           0000D2   387 _OV	=	0x00d2
                           0000D1   388 _F1	=	0x00d1
                           0000D0   389 _P	=	0x00d0
                           0000AF   390 _EA	=	0x00af
                           0000AE   391 _E_DIS	=	0x00ae
                           0000AD   392 _ET2	=	0x00ad
                           0000AC   393 _ES	=	0x00ac
                           0000AB   394 _ET1	=	0x00ab
                           0000AA   395 _EX1	=	0x00aa
                           0000A9   396 _ET0	=	0x00a9
                           0000A8   397 _EX0	=	0x00a8
                           0000BF   398 _PH_FLAG	=	0x00bf
                           0000BE   399 _PL_FLAG	=	0x00be
                           0000BD   400 _PT2	=	0x00bd
                           0000BC   401 _PS	=	0x00bc
                           0000BB   402 _PT1	=	0x00bb
                           0000BA   403 _PX1	=	0x00ba
                           0000B9   404 _PT0	=	0x00b9
                           0000B8   405 _PX0	=	0x00b8
                           0000EF   406 _IE_WDOG	=	0x00ef
                           0000EE   407 _IE_GPIO	=	0x00ee
                           0000ED   408 _IE_PWMX	=	0x00ed
                           0000EC   409 _IE_UART1	=	0x00ec
                           0000EB   410 _IE_ADC	=	0x00eb
                           0000EA   411 _IE_USB	=	0x00ea
                           0000E9   412 _IE_TKEY	=	0x00e9
                           0000E8   413 _IE_SPI0	=	0x00e8
                           000097   414 _SCK	=	0x0097
                           000097   415 _TXD1	=	0x0097
                           000097   416 _TIN5	=	0x0097
                           000096   417 _MISO	=	0x0096
                           000096   418 _RXD1	=	0x0096
                           000096   419 _TIN4	=	0x0096
                           000095   420 _MOSI	=	0x0095
                           000095   421 _PWM1	=	0x0095
                           000095   422 _TIN3	=	0x0095
                           000095   423 _UCC2	=	0x0095
                           000095   424 _AIN2	=	0x0095
                           000094   425 _T2_	=	0x0094
                           000094   426 _CAP1_	=	0x0094
                           000094   427 _SCS	=	0x0094
                           000094   428 _TIN2	=	0x0094
                           000094   429 _UCC1	=	0x0094
                           000094   430 _AIN1	=	0x0094
                           000093   431 _TXD_	=	0x0093
                           000092   432 _RXD_	=	0x0092
                           000091   433 _T2EX	=	0x0091
                           000091   434 _CAP2	=	0x0091
                           000091   435 _TIN1	=	0x0091
                           000091   436 _VBUS2	=	0x0091
                           000091   437 _AIN0	=	0x0091
                           000090   438 _T2	=	0x0090
                           000090   439 _CAP1	=	0x0090
                           000090   440 _TIN0	=	0x0090
                           0000B7   441 _UDM	=	0x00b7
                           0000B6   442 _UDP	=	0x00b6
                           0000B5   443 _T1	=	0x00b5
                           0000B4   444 _PWM2	=	0x00b4
                           0000B4   445 _RXD1_	=	0x00b4
                           0000B4   446 _T0	=	0x00b4
                           0000B3   447 _INT1	=	0x00b3
                           0000B2   448 _TXD1_	=	0x00b2
                           0000B2   449 _INT0	=	0x00b2
                           0000B2   450 _VBUS1	=	0x00b2
                           0000B2   451 _AIN3	=	0x00b2
                           0000B1   452 _PWM2_	=	0x00b1
                           0000B1   453 _TXD	=	0x00b1
                           0000B0   454 _PWM1_	=	0x00b0
                           0000B0   455 _RXD	=	0x00b0
                           00008F   456 _TF1	=	0x008f
                           00008E   457 _TR1	=	0x008e
                           00008D   458 _TF0	=	0x008d
                           00008C   459 _TR0	=	0x008c
                           00008B   460 _IE1	=	0x008b
                           00008A   461 _IT1	=	0x008a
                           000089   462 _IE0	=	0x0089
                           000088   463 _IT0	=	0x0088
                           00009F   464 _SM0	=	0x009f
                           00009E   465 _SM1	=	0x009e
                           00009D   466 _SM2	=	0x009d
                           00009C   467 _REN	=	0x009c
                           00009B   468 _TB8	=	0x009b
                           00009A   469 _RB8	=	0x009a
                           000099   470 _TI	=	0x0099
                           000098   471 _RI	=	0x0098
                           0000CF   472 _TF2	=	0x00cf
                           0000CF   473 _CAP1F	=	0x00cf
                           0000CE   474 _EXF2	=	0x00ce
                           0000CD   475 _RCLK	=	0x00cd
                           0000CC   476 _TCLK	=	0x00cc
                           0000CB   477 _EXEN2	=	0x00cb
                           0000CA   478 _TR2	=	0x00ca
                           0000C9   479 _C_T2	=	0x00c9
                           0000C8   480 _CP_RL2	=	0x00c8
                           0000FF   481 _S0_FST_ACT	=	0x00ff
                           0000FE   482 _S0_IF_OV	=	0x00fe
                           0000FD   483 _S0_IF_FIRST	=	0x00fd
                           0000FC   484 _S0_IF_BYTE	=	0x00fc
                           0000FB   485 _S0_FREE	=	0x00fb
                           0000FA   486 _S0_T_FIFO	=	0x00fa
                           0000F8   487 _S0_R_FIFO	=	0x00f8
                           0000C7   488 _U1SM0	=	0x00c7
                           0000C5   489 _U1SMOD	=	0x00c5
                           0000C4   490 _U1REN	=	0x00c4
                           0000C3   491 _U1TB8	=	0x00c3
                           0000C2   492 _U1RB8	=	0x00c2
                           0000C1   493 _U1TI	=	0x00c1
                           0000C0   494 _U1RI	=	0x00c0
                           000087   495 _CMPO	=	0x0087
                           000086   496 _CMP_IF	=	0x0086
                           000085   497 _ADC_IF	=	0x0085
                           000084   498 _ADC_START	=	0x0084
                           000083   499 _CMP_CHAN	=	0x0083
                           000081   500 _ADC_CHAN1	=	0x0081
                           000080   501 _ADC_CHAN0	=	0x0080
                           0000DF   502 _U_IS_NAK	=	0x00df
                           0000DE   503 _U_TOG_OK	=	0x00de
                           0000DD   504 _U_SIE_FREE	=	0x00dd
                           0000DC   505 _UIF_FIFO_OV	=	0x00dc
                           0000DB   506 _UIF_HST_SOF	=	0x00db
                           0000DA   507 _UIF_SUSPEND	=	0x00da
                           0000D9   508 _UIF_TRANSFER	=	0x00d9
                           0000D8   509 _UIF_DETECT	=	0x00d8
                           0000D8   510 _UIF_BUS_RST	=	0x00d8
                                    511 ;--------------------------------------------------------
                                    512 ; overlayable register banks
                                    513 ;--------------------------------------------------------
                                    514 	.area REG_BANK_0	(REL,OVR,DATA)
      000000                        515 	.ds 8
                                    516 ;--------------------------------------------------------
                                    517 ; overlayable bit register bank
                                    518 ;--------------------------------------------------------
                                    519 	.area BIT_BANK	(REL,OVR,DATA)
      000000                        520 bits:
      000000                        521 	.ds 1
                           008000   522 	b0 = bits[0]
                           008100   523 	b1 = bits[1]
                           008200   524 	b2 = bits[2]
                           008300   525 	b3 = bits[3]
                           008400   526 	b4 = bits[4]
                           008500   527 	b5 = bits[5]
                           008600   528 	b6 = bits[6]
                           008700   529 	b7 = bits[7]
                                    530 ;--------------------------------------------------------
                                    531 ; internal ram data
                                    532 ;--------------------------------------------------------
                                    533 	.area DSEG    (DATA)
      000000                        534 _USB_SetupReq::
      000000                        535 	.ds 1
      000001                        536 _USB_SetupTyp::
      000001                        537 	.ds 1
      000002                        538 _USB_Config::
      000002                        539 	.ds 1
      000003                        540 _USB_Addr::
      000003                        541 	.ds 1
      000004                        542 _USB_SetupLen::
      000004                        543 	.ds 2
      000006                        544 _USB_pDescr::
      000006                        545 	.ds 2
                                    546 ;--------------------------------------------------------
                                    547 ; overlayable items in internal ram
                                    548 ;--------------------------------------------------------
                                    549 ;--------------------------------------------------------
                                    550 ; indirectly addressable internal ram data
                                    551 ;--------------------------------------------------------
                                    552 	.area ISEG    (DATA)
                                    553 ;--------------------------------------------------------
                                    554 ; absolute internal ram data
                                    555 ;--------------------------------------------------------
                                    556 	.area IABS    (ABS,DATA)
                                    557 	.area IABS    (ABS,DATA)
                                    558 ;--------------------------------------------------------
                                    559 ; bit data
                                    560 ;--------------------------------------------------------
                                    561 	.area BSEG    (BIT)
      000000                        562 _USB_ENUM_OK::
      000000                        563 	.ds 1
                                    564 ;--------------------------------------------------------
                                    565 ; paged external ram data
                                    566 ;--------------------------------------------------------
                                    567 	.area PSEG    (PAG,XDATA)
                                    568 ;--------------------------------------------------------
                                    569 ; uninitialized external ram data
                                    570 ;--------------------------------------------------------
                                    571 	.area XSEG    (XDATA)
                           000000   572 _EP0_buffer	=	0x0000
                           00000A   573 _EP1_buffer	=	0x000a
                           000014   574 _EP2_buffer	=	0x0014
                                    575 ;--------------------------------------------------------
                                    576 ; absolute external ram data
                                    577 ;--------------------------------------------------------
                                    578 	.area XABS    (ABS,XDATA)
                                    579 ;--------------------------------------------------------
                                    580 ; initialized external ram data
                                    581 ;--------------------------------------------------------
                                    582 	.area XISEG   (XDATA)
                                    583 	.area HOME    (CODE)
                                    584 	.area GSINIT0 (CODE)
                                    585 	.area GSINIT1 (CODE)
                                    586 	.area GSINIT2 (CODE)
                                    587 	.area GSINIT3 (CODE)
                                    588 	.area GSINIT4 (CODE)
                                    589 	.area GSINIT5 (CODE)
                                    590 	.area GSINIT  (CODE)
                                    591 	.area GSFINAL (CODE)
                                    592 	.area CSEG    (CODE)
                                    593 ;--------------------------------------------------------
                                    594 ; global & static initialisations
                                    595 ;--------------------------------------------------------
                                    596 	.area HOME    (CODE)
                                    597 	.area GSINIT  (CODE)
                                    598 	.area GSFINAL (CODE)
                                    599 	.area GSINIT  (CODE)
                                    600 ;--------------------------------------------------------
                                    601 ; Home
                                    602 ;--------------------------------------------------------
                                    603 	.area HOME    (CODE)
                                    604 	.area HOME    (CODE)
                                    605 ;--------------------------------------------------------
                                    606 ; code
                                    607 ;--------------------------------------------------------
                                    608 	.area CSEG    (CODE)
                                    609 ;------------------------------------------------------------
                                    610 ;Allocation info for local variables in function 'USB_EP_init'
                                    611 ;------------------------------------------------------------
                                    612 ;	lib\usb_handler.c:18: void USB_EP_init(void) {
                                    613 ;	-----------------------------------------
                                    614 ;	 function USB_EP_init
                                    615 ;	-----------------------------------------
      000000                        616 _USB_EP_init:
                           000007   617 	ar7 = 0x07
                           000006   618 	ar6 = 0x06
                           000005   619 	ar5 = 0x05
                           000004   620 	ar4 = 0x04
                           000003   621 	ar3 = 0x03
                           000002   622 	ar2 = 0x02
                           000001   623 	ar1 = 0x01
                           000000   624 	ar0 = 0x00
                                    625 ;	lib\usb_handler.c:19: UEP0_DMA    = (uint16_t)EP0_buffer;       // EP0 data transfer address
      000000 7E 00            [12]  626 	mov	r6,#_EP0_buffer
      000002 7F 00            [12]  627 	mov	r7,#(_EP0_buffer >> 8)
      000004 8E EC            [24]  628 	mov	((_UEP0_DMA >> 0) & 0xFF),r6
      000006 8F ED            [24]  629 	mov	((_UEP0_DMA >> 8) & 0xFF),r7
                                    630 ;	lib\usb_handler.c:21: | UEP_T_RES_NAK;              // EP0 IN transaction returns NAK
      000008 75 DC 02         [24]  631 	mov	_UEP0_CTRL,#0x02
                                    632 ;	lib\usb_handler.c:22: UEP0_T_LEN  = 0;                          // must be zero at start
      00000B 75 DD 00         [24]  633 	mov	_UEP0_T_LEN,#0x00
                                    634 ;	lib\usb_handler.c:23: USB_ENUM_OK = 0;                          // reset ENUM flag
                                    635 ;	assignBit
      00000E C2*00            [12]  636 	clr	_USB_ENUM_OK
                                    637 ;	lib\usb_handler.c:26: USB_INIT_endpoints();                     // custom EP init handler
                                    638 ;	lib\usb_handler.c:28: }
      000010 02r00r00         [24]  639 	ljmp	_CDC_EP_init
                                    640 ;------------------------------------------------------------
                                    641 ;Allocation info for local variables in function 'USB_init'
                                    642 ;------------------------------------------------------------
                                    643 ;	lib\usb_handler.c:33: void USB_init(void) {
                                    644 ;	-----------------------------------------
                                    645 ;	 function USB_init
                                    646 ;	-----------------------------------------
      000013                        647 _USB_init:
                                    648 ;	lib\usb_handler.c:36: | bUC_DMA_EN;                 // DMA enable
      000013 75 E2 29         [24]  649 	mov	_USB_CTRL,#0x29
                                    650 ;	lib\usb_handler.c:38: | bUD_PORT_EN;                // enable port, full-speed
      000016 75 D1 81         [24]  651 	mov	_UDEV_CTRL,#0x81
                                    652 ;	lib\usb_handler.c:40: USB_EP_init();                            // setup endpoints
      000019 12r00r00         [24]  653 	lcall	_USB_EP_init
                                    654 ;	lib\usb_handler.c:44: | bUIE_BUS_RST;               // enable device mode USB bus reset interrupt
      00001C 75 E1 07         [24]  655 	mov	_USB_INT_EN,#0x07
                                    656 ;	lib\usb_handler.c:46: USB_INT_FG  = 0x1f;                       // clear interrupt flags
      00001F 75 D8 1F         [24]  657 	mov	_USB_INT_FG,#0x1f
                                    658 ;	lib\usb_handler.c:47: IE_USB      = 1;                          // enable USB interrupt
                                    659 ;	assignBit
      000022 D2 EA            [12]  660 	setb	_IE_USB
                                    661 ;	lib\usb_handler.c:48: EA          = 1;                          // enable global interrupts
                                    662 ;	assignBit
      000024 D2 AF            [12]  663 	setb	_EA
                                    664 ;	lib\usb_handler.c:49: }
      000026 22               [24]  665 	ret
                                    666 ;------------------------------------------------------------
                                    667 ;Allocation info for local variables in function 'USB_EP0_copyDescr'
                                    668 ;------------------------------------------------------------
                                    669 ;len                       Allocated to registers 
                                    670 ;------------------------------------------------------------
                                    671 ;	lib\usb_handler.c:57: void USB_EP0_copyDescr(uint8_t len) {
                                    672 ;	-----------------------------------------
                                    673 ;	 function USB_EP0_copyDescr
                                    674 ;	-----------------------------------------
      000027                        675 _USB_EP0_copyDescr:
                                    676 ;	lib\usb_handler.c:78: __endasm;
      000027 C0 E0            [24]  677 	push	acc ; acc -> stack
      000029 C0 07            [24]  678 	push	ar7 ; r7 -> stack
      00002B AF 82            [24]  679 	mov	r7, dpl ; r7 <- len
      00002D 05 A2            [12]  680 	inc	_XBUS_AUX ; select dptr1
      00002F 90 00 00         [24]  681 	mov	dptr, #_EP0_buffer ; dptr1 <- EP0_buffer
      000032 15 A2            [12]  682 	dec	_XBUS_AUX ; select dptr0
      000034 85*06 82         [24]  683 	mov	dpl, _USB_pDescr ; dptr0 <- *USB_pDescr
      000037 85*07 83         [24]  684 	mov	dph, (_USB_pDescr + 1)
      00003A                        685 01$:
      00003A E4               [12]  686 	clr	a ; acc <- #0
      00003B 93               [24]  687 	movc	a, @a+dptr ; acc <- *USB_pDescr[dptr0]
      00003C A3               [24]  688 	inc	dptr ; inc dptr0
      00003D A5                     689 	.db	0xA5 ; acc -> EP0_buffer[dptr1] & inc dptr1
      00003E DF FA            [24]  690 	djnz	r7, 01$ ; repeat len times
      000040 85 82*06         [24]  691 	mov	_USB_pDescr, dpl ; USB_pDescr += len
      000043 85 83*07         [24]  692 	mov	(_USB_pDescr + 1), dph
      000046 D0 07            [24]  693 	pop	ar7 ; r7 <- stack
      000048 D0 E0            [24]  694 	pop	acc ; acc <- stack
                                    695 ;	lib\usb_handler.c:79: }
      00004A 22               [24]  696 	ret
                                    697 ;------------------------------------------------------------
                                    698 ;Allocation info for local variables in function 'USB_EP0_SETUP'
                                    699 ;------------------------------------------------------------
                                    700 ;len                       Allocated to registers r7 
                                    701 ;------------------------------------------------------------
                                    702 ;	lib\usb_handler.c:86: void USB_EP0_SETUP(void) {
                                    703 ;	-----------------------------------------
                                    704 ;	 function USB_EP0_SETUP
                                    705 ;	-----------------------------------------
      00004B                        706 _USB_EP0_SETUP:
                                    707 ;	lib\usb_handler.c:87: uint8_t len = 0;                                // default is success and upload 0 length
      00004B 7F 00            [12]  708 	mov	r7,#0x00
                                    709 ;	lib\usb_handler.c:88: USB_SetupLen = ((uint16_t)USB_SetupBuf->wLengthH<<8) | (USB_SetupBuf->wLengthL);
      00004D 90 00 07         [24]  710 	mov	dptr,#(_EP0_buffer + 0x0007)
      000050 E0               [24]  711 	movx	a,@dptr
      000051 FD               [12]  712 	mov	r5,a
      000052 7E 00            [12]  713 	mov	r6,#0x00
      000054 90 00 06         [24]  714 	mov	dptr,#(_EP0_buffer + 0x0006)
      000057 E0               [24]  715 	movx	a,@dptr
      000058 FC               [12]  716 	mov	r4,a
      000059 7B 00            [12]  717 	mov	r3,#0x00
      00005B 4E               [12]  718 	orl	a,r6
      00005C F5*04            [12]  719 	mov	_USB_SetupLen,a
      00005E EB               [12]  720 	mov	a,r3
      00005F 4D               [12]  721 	orl	a,r5
      000060 F5*05            [12]  722 	mov	(_USB_SetupLen + 1),a
                                    723 ;	lib\usb_handler.c:89: USB_SetupReq = USB_SetupBuf->bRequest;
      000062 90 00 01         [24]  724 	mov	dptr,#(_EP0_buffer + 0x0001)
      000065 E0               [24]  725 	movx	a,@dptr
      000066 F5*00            [12]  726 	mov	_USB_SetupReq,a
                                    727 ;	lib\usb_handler.c:90: USB_SetupTyp = USB_SetupBuf->bRequestType;
      000068 90 00 00         [24]  728 	mov	dptr,#_EP0_buffer
      00006B E0               [24]  729 	movx	a,@dptr
      00006C F5*01            [12]  730 	mov	_USB_SetupTyp,a
                                    731 ;	lib\usb_handler.c:92: if((USB_SetupTyp & USB_REQ_TYP_MASK) == USB_REQ_TYP_STANDARD) {
      00006E E5*01            [12]  732 	mov	a,_USB_SetupTyp
      000070 54 60            [12]  733 	anl	a,#0x60
      000072 60 03            [24]  734 	jz	00284$
      000074 02r02r71         [24]  735 	ljmp	00170$
      000077                        736 00284$:
                                    737 ;	lib\usb_handler.c:93: switch(USB_SetupReq) {                        // request type
      000077 E5*00            [12]  738 	mov	a,_USB_SetupReq
      000079 FE               [12]  739 	mov	r6,a
      00007A 24 F4            [12]  740 	add	a,#0xff - 0x0b
      00007C 50 03            [24]  741 	jnc	00285$
      00007E 02r02r6D         [24]  742 	ljmp	00164$
      000081                        743 00285$:
      000081 EE               [12]  744 	mov	a,r6
      000082 F5 F0            [12]  745 	mov	b,a
      000084 24 0B            [12]  746 	add	a,#(00286$-3-.)
      000086 83               [24]  747 	movc	a,@a+pc
      000087 F5 82            [12]  748 	mov	dpl,a
      000089 E5 F0            [12]  749 	mov	a,b
      00008B 24 10            [12]  750 	add	a,#(00287$-3-.)
      00008D 83               [24]  751 	movc	a,@a+pc
      00008E F5 83            [12]  752 	mov	dph,a
      000090 E4               [12]  753 	clr	a
      000091 73               [24]  754 	jmp	@a+dptr
      000092                        755 00286$:
      000092r91                     756 	.db	00125$
      000093rB1                     757 	.db	00128$
      000094r6D                     758 	.db	00164$
      000095r0C                     759 	.db	00145$
      000096r6D                     760 	.db	00164$
      000097r60                     761 	.db	00118$
      000098rAA                     762 	.db	00101$
      000099r6D                     763 	.db	00164$
      00009Ar69                     764 	.db	00119$
      00009Br86                     765 	.db	00122$
      00009Cr89                     766 	.db	00171$
      00009Dr89                     767 	.db	00171$
      00009E                        768 00287$:
      00009Es01                     769 	.db	00125$>>8
      00009Fs01                     770 	.db	00128$>>8
      0000A0s02                     771 	.db	00164$>>8
      0000A1s02                     772 	.db	00145$>>8
      0000A2s02                     773 	.db	00164$>>8
      0000A3s01                     774 	.db	00118$>>8
      0000A4s00                     775 	.db	00101$>>8
      0000A5s02                     776 	.db	00164$>>8
      0000A6s01                     777 	.db	00119$>>8
      0000A7s01                     778 	.db	00122$>>8
      0000A8s02                     779 	.db	00171$>>8
      0000A9s02                     780 	.db	00171$>>8
                                    781 ;	lib\usb_handler.c:94: case USB_GET_DESCRIPTOR:
      0000AA                        782 00101$:
                                    783 ;	lib\usb_handler.c:95: switch(USB_SetupBuf->wValueH) {
      0000AA 90 00 03         [24]  784 	mov	dptr,#(_EP0_buffer + 0x0003)
      0000AD E0               [24]  785 	movx	a,@dptr
      0000AE FE               [12]  786 	mov	r6,a
      0000AF BE 01 02         [24]  787 	cjne	r6,#0x01,00288$
      0000B2 80 0A            [24]  788 	sjmp	00102$
      0000B4                        789 00288$:
      0000B4 BE 02 02         [24]  790 	cjne	r6,#0x02,00289$
      0000B7 80 0F            [24]  791 	sjmp	00103$
      0000B9                        792 00289$:
                                    793 ;	lib\usb_handler.c:97: case USB_DESCR_TYP_DEVICE:              // Device Descriptor
      0000B9 BE 03 68         [24]  794 	cjne	r6,#0x03,00112$
      0000BC 80 14            [24]  795 	sjmp	00104$
      0000BE                        796 00102$:
                                    797 ;	lib\usb_handler.c:98: USB_pDescr = (uint8_t*)&DevDescr;     // put descriptor into out buffer
      0000BE 75*06r00         [24]  798 	mov	_USB_pDescr,#_DevDescr
      0000C1 75*07s00         [24]  799 	mov	(_USB_pDescr + 1),#(_DevDescr >> 8)
                                    800 ;	lib\usb_handler.c:99: len = sizeof(DevDescr);               // descriptor length
      0000C4 7F 12            [12]  801 	mov	r7,#0x12
                                    802 ;	lib\usb_handler.c:100: break;
                                    803 ;	lib\usb_handler.c:102: case USB_DESCR_TYP_CONFIG:              // Configuration Descriptor
      0000C6 80 5E            [24]  804 	sjmp	00113$
      0000C8                        805 00103$:
                                    806 ;	lib\usb_handler.c:103: USB_pDescr = (uint8_t*)&CfgDescr;     // put descriptor into out buffer
      0000C8 75*06r00         [24]  807 	mov	_USB_pDescr,#_CfgDescr
      0000CB 75*07s00         [24]  808 	mov	(_USB_pDescr + 1),#(_CfgDescr >> 8)
                                    809 ;	lib\usb_handler.c:104: len = sizeof(CfgDescr);               // descriptor length
      0000CE 7F 4B            [12]  810 	mov	r7,#0x4b
                                    811 ;	lib\usb_handler.c:105: break;
                                    812 ;	lib\usb_handler.c:107: case USB_DESCR_TYP_STRING:
      0000D0 80 54            [24]  813 	sjmp	00113$
      0000D2                        814 00104$:
                                    815 ;	lib\usb_handler.c:108: switch(USB_SetupBuf->wValueL) {       // String Descriptor Index
      0000D2 90 00 02         [24]  816 	mov	dptr,#(_EP0_buffer + 0x0002)
      0000D5 E0               [24]  817 	movx	a,@dptr
      0000D6 FE               [12]  818 	mov  r6,a
      0000D7 24 FB            [12]  819 	add	a,#0xff - 0x04
      0000D9 40 38            [24]  820 	jc	00110$
      0000DB EE               [12]  821 	mov	a,r6
      0000DC 2E               [12]  822 	add	a,r6
                                    823 ;	lib\usb_handler.c:109: case 0:   USB_pDescr = USB_STR_DESCR_i0; break;
      0000DD 90r00rE1         [24]  824 	mov	dptr,#00292$
      0000E0 73               [24]  825 	jmp	@a+dptr
      0000E1                        826 00292$:
      0000E1 80 08            [24]  827 	sjmp	00105$
      0000E3 80 0E            [24]  828 	sjmp	00106$
      0000E5 80 14            [24]  829 	sjmp	00107$
      0000E7 80 1A            [24]  830 	sjmp	00108$
      0000E9 80 20            [24]  831 	sjmp	00109$
      0000EB                        832 00105$:
      0000EB 75*06r00         [24]  833 	mov	_USB_pDescr,#_LangDescr
      0000EE 75*07s00         [24]  834 	mov	(_USB_pDescr + 1),#(_LangDescr >> 8)
                                    835 ;	lib\usb_handler.c:110: case 1:   USB_pDescr = USB_STR_DESCR_i1; break;
      0000F1 80 26            [24]  836 	sjmp	00111$
      0000F3                        837 00106$:
      0000F3 75*06r00         [24]  838 	mov	_USB_pDescr,#_ManufDescr
      0000F6 75*07s00         [24]  839 	mov	(_USB_pDescr + 1),#(_ManufDescr >> 8)
                                    840 ;	lib\usb_handler.c:111: case 2:   USB_pDescr = USB_STR_DESCR_i2; break;
      0000F9 80 1E            [24]  841 	sjmp	00111$
      0000FB                        842 00107$:
      0000FB 75*06r00         [24]  843 	mov	_USB_pDescr,#_ProdDescr
      0000FE 75*07s00         [24]  844 	mov	(_USB_pDescr + 1),#(_ProdDescr >> 8)
                                    845 ;	lib\usb_handler.c:112: case 3:   USB_pDescr = USB_STR_DESCR_i3; break;
      000101 80 16            [24]  846 	sjmp	00111$
      000103                        847 00108$:
      000103 75*06r00         [24]  848 	mov	_USB_pDescr,#_SerDescr
      000106 75*07s00         [24]  849 	mov	(_USB_pDescr + 1),#(_SerDescr >> 8)
                                    850 ;	lib\usb_handler.c:114: case 4:   USB_pDescr = USB_STR_DESCR_i4; break;
      000109 80 0E            [24]  851 	sjmp	00111$
      00010B                        852 00109$:
      00010B 75*06r00         [24]  853 	mov	_USB_pDescr,#_InterfDescr
      00010E 75*07s00         [24]  854 	mov	(_USB_pDescr + 1),#(_InterfDescr >> 8)
                                    855 ;	lib\usb_handler.c:134: default:  USB_pDescr = USB_STR_DESCR_ix; break;
      000111 80 06            [24]  856 	sjmp	00111$
      000113                        857 00110$:
      000113 75*06r00         [24]  858 	mov	_USB_pDescr,#_SerDescr
      000116 75*07s00         [24]  859 	mov	(_USB_pDescr + 1),#(_SerDescr >> 8)
                                    860 ;	lib\usb_handler.c:135: }
      000119                        861 00111$:
                                    862 ;	lib\usb_handler.c:136: len = USB_pDescr[0];                  // descriptor length
      000119 85*06 82         [24]  863 	mov	dpl,_USB_pDescr
      00011C 85*07 83         [24]  864 	mov	dph,(_USB_pDescr + 1)
      00011F E4               [12]  865 	clr	a
      000120 93               [24]  866 	movc	a,@a+dptr
      000121 FF               [12]  867 	mov	r7,a
                                    868 ;	lib\usb_handler.c:137: break;
                                    869 ;	lib\usb_handler.c:149: default:
      000122 80 02            [24]  870 	sjmp	00113$
      000124                        871 00112$:
                                    872 ;	lib\usb_handler.c:150: len = 0xff;                           // unsupported descriptors or error
      000124 7F FF            [12]  873 	mov	r7,#0xff
                                    874 ;	lib\usb_handler.c:152: }
      000126                        875 00113$:
                                    876 ;	lib\usb_handler.c:154: if(len != 0xff) {
      000126 BF FF 03         [24]  877 	cjne	r7,#0xff,00293$
      000129 02r02r89         [24]  878 	ljmp	00171$
      00012C                        879 00293$:
                                    880 ;	lib\usb_handler.c:155: if(USB_SetupLen > len) USB_SetupLen = len;    // limit length
      00012C 8F 05            [24]  881 	mov	ar5,r7
      00012E 7E 00            [12]  882 	mov	r6,#0x00
      000130 C3               [12]  883 	clr	c
      000131 ED               [12]  884 	mov	a,r5
      000132 95*04            [12]  885 	subb	a,_USB_SetupLen
      000134 EE               [12]  886 	mov	a,r6
      000135 95*05            [12]  887 	subb	a,(_USB_SetupLen + 1)
      000137 50 04            [24]  888 	jnc	00115$
      000139 8D*04            [24]  889 	mov	_USB_SetupLen,r5
      00013B 8E*05            [24]  890 	mov	(_USB_SetupLen + 1),r6
      00013D                        891 00115$:
                                    892 ;	lib\usb_handler.c:156: len = USB_SetupLen >= EP0_SIZE ? EP0_SIZE : USB_SetupLen;
      00013D AD*04            [24]  893 	mov	r5,_USB_SetupLen
      00013F AE*05            [24]  894 	mov	r6,(_USB_SetupLen + 1)
      000141 C3               [12]  895 	clr	c
      000142 ED               [12]  896 	mov	a,r5
      000143 94 08            [12]  897 	subb	a,#0x08
      000145 EE               [12]  898 	mov	a,r6
      000146 94 00            [12]  899 	subb	a,#0x00
      000148 92*00            [24]  900 	mov	b0,c
      00014A 40 06            [24]  901 	jc	00177$
      00014C 7D 08            [12]  902 	mov	r5,#0x08
      00014E 7E 00            [12]  903 	mov	r6,#0x00
      000150 80 04            [24]  904 	sjmp	00178$
      000152                        905 00177$:
      000152 AD*04            [24]  906 	mov	r5,_USB_SetupLen
      000154 AE*05            [24]  907 	mov	r6,(_USB_SetupLen + 1)
      000156                        908 00178$:
      000156 8D 07            [24]  909 	mov	ar7,r5
                                    910 ;	lib\usb_handler.c:157: USB_EP0_copyDescr(len);                 // copy descriptor to EP0
      000158 8F 82            [24]  911 	mov	dpl,r7
      00015A 12r00r27         [24]  912 	lcall	_USB_EP0_copyDescr
                                    913 ;	lib\usb_handler.c:159: break;
      00015D 02r02r89         [24]  914 	ljmp	00171$
                                    915 ;	lib\usb_handler.c:161: case USB_SET_ADDRESS:
      000160                        916 00118$:
                                    917 ;	lib\usb_handler.c:162: USB_Addr = USB_SetupBuf->wValueL;        // save the assigned address
      000160 90 00 02         [24]  918 	mov	dptr,#(_EP0_buffer + 0x0002)
      000163 E0               [24]  919 	movx	a,@dptr
      000164 F5*03            [12]  920 	mov	_USB_Addr,a
                                    921 ;	lib\usb_handler.c:163: break;
      000166 02r02r89         [24]  922 	ljmp	00171$
                                    923 ;	lib\usb_handler.c:165: case USB_GET_CONFIGURATION:
      000169                        924 00119$:
                                    925 ;	lib\usb_handler.c:166: EP0_buffer[0] = USB_Config;
      000169 90 00 00         [24]  926 	mov	dptr,#_EP0_buffer
      00016C E5*02            [12]  927 	mov	a,_USB_Config
      00016E F0               [24]  928 	movx	@dptr,a
                                    929 ;	lib\usb_handler.c:167: if(USB_SetupLen > 1) USB_SetupLen = 1;
      00016F AD*04            [24]  930 	mov	r5,_USB_SetupLen
      000171 AE*05            [24]  931 	mov	r6,(_USB_SetupLen + 1)
      000173 C3               [12]  932 	clr	c
      000174 74 01            [12]  933 	mov	a,#0x01
      000176 9D               [12]  934 	subb	a,r5
      000177 E4               [12]  935 	clr	a
      000178 9E               [12]  936 	subb	a,r6
      000179 50 06            [24]  937 	jnc	00121$
      00017B 75*04 01         [24]  938 	mov	_USB_SetupLen,#0x01
      00017E 75*05 00         [24]  939 	mov	(_USB_SetupLen + 1),#0x00
      000181                        940 00121$:
                                    941 ;	lib\usb_handler.c:168: len = USB_SetupLen;
      000181 AF*04            [24]  942 	mov	r7,_USB_SetupLen
                                    943 ;	lib\usb_handler.c:169: break;
      000183 02r02r89         [24]  944 	ljmp	00171$
                                    945 ;	lib\usb_handler.c:171: case USB_SET_CONFIGURATION:
      000186                        946 00122$:
                                    947 ;	lib\usb_handler.c:172: USB_Config  = USB_SetupBuf->wValueL;
      000186 90 00 02         [24]  948 	mov	dptr,#(_EP0_buffer + 0x0002)
      000189 E0               [24]  949 	movx	a,@dptr
      00018A F5*02            [12]  950 	mov	_USB_Config,a
                                    951 ;	lib\usb_handler.c:173: USB_ENUM_OK = 1;
                                    952 ;	assignBit
      00018C D2*00            [12]  953 	setb	_USB_ENUM_OK
                                    954 ;	lib\usb_handler.c:174: break;
      00018E 02r02r89         [24]  955 	ljmp	00171$
                                    956 ;	lib\usb_handler.c:182: case USB_GET_STATUS:
      000191                        957 00125$:
                                    958 ;	lib\usb_handler.c:183: EP0_buffer[0] = 0x00;
      000191 90 00 00         [24]  959 	mov	dptr,#_EP0_buffer
      000194 E4               [12]  960 	clr	a
      000195 F0               [24]  961 	movx	@dptr,a
                                    962 ;	lib\usb_handler.c:184: EP0_buffer[1] = 0x00;
      000196 90 00 01         [24]  963 	mov	dptr,#(_EP0_buffer + 0x0001)
      000199 F0               [24]  964 	movx	@dptr,a
                                    965 ;	lib\usb_handler.c:185: if(USB_SetupLen > 2) USB_SetupLen = 2;
      00019A AD*04            [24]  966 	mov	r5,_USB_SetupLen
      00019C AE*05            [24]  967 	mov	r6,(_USB_SetupLen + 1)
      00019E C3               [12]  968 	clr	c
      00019F 74 02            [12]  969 	mov	a,#0x02
      0001A1 9D               [12]  970 	subb	a,r5
      0001A2 E4               [12]  971 	clr	a
      0001A3 9E               [12]  972 	subb	a,r6
      0001A4 50 06            [24]  973 	jnc	00127$
      0001A6 75*04 02         [24]  974 	mov	_USB_SetupLen,#0x02
      0001A9 75*05 00         [24]  975 	mov	(_USB_SetupLen + 1),#0x00
      0001AC                        976 00127$:
                                    977 ;	lib\usb_handler.c:186: len = USB_SetupLen;
      0001AC AF*04            [24]  978 	mov	r7,_USB_SetupLen
                                    979 ;	lib\usb_handler.c:187: break;
      0001AE 02r02r89         [24]  980 	ljmp	00171$
                                    981 ;	lib\usb_handler.c:189: case USB_CLEAR_FEATURE:
      0001B1                        982 00128$:
                                    983 ;	lib\usb_handler.c:190: if((USB_SetupTyp & USB_REQ_RECIP_MASK) == USB_REQ_RECIP_DEVICE) {
      0001B1 E5*01            [12]  984 	mov	a,_USB_SetupTyp
      0001B3 54 1F            [12]  985 	anl	a,#0x1f
      0001B5 70 1E            [24]  986 	jnz	00143$
                                    987 ;	lib\usb_handler.c:191: if(USB_SetupBuf->wValueL == 0x01) {
      0001B7 90 00 02         [24]  988 	mov	dptr,#(_EP0_buffer + 0x0002)
      0001BA E0               [24]  989 	movx	a,@dptr
      0001BB FE               [12]  990 	mov	r6,a
      0001BC BE 01 11         [24]  991 	cjne	r6,#0x01,00133$
                                    992 ;	lib\usb_handler.c:192: if(((uint8_t*)&CfgDescr)[7] & 0x20) {
      0001BF 90r00r07         [24]  993 	mov	dptr,#(_CfgDescr + 0x0007)
      0001C2 E4               [12]  994 	clr	a
      0001C3 93               [24]  995 	movc	a,@a+dptr
      0001C4 FE               [12]  996 	mov	r6,a
      0001C5 30 E5 03         [24]  997 	jnb	acc.5,00302$
      0001C8 02r02r89         [24]  998 	ljmp	00171$
      0001CB                        999 00302$:
                                   1000 ;	lib\usb_handler.c:195: else len = 0xff;               // failed
      0001CB 7F FF            [12] 1001 	mov	r7,#0xff
      0001CD 02r02r89         [24] 1002 	ljmp	00171$
      0001D0                       1003 00133$:
                                   1004 ;	lib\usb_handler.c:197: else len = 0xff;                 // failed
      0001D0 7F FF            [12] 1005 	mov	r7,#0xff
      0001D2 02r02r89         [24] 1006 	ljmp	00171$
      0001D5                       1007 00143$:
                                   1008 ;	lib\usb_handler.c:199: else if((USB_SetupTyp & USB_REQ_RECIP_MASK) == USB_REQ_RECIP_ENDP) {
      0001D5 AD*01            [24] 1009 	mov	r5,_USB_SetupTyp
      0001D7 53 05 1F         [24] 1010 	anl	ar5,#0x1f
      0001DA 7E 00            [12] 1011 	mov	r6,#0x00
      0001DC BD 02 28         [24] 1012 	cjne	r5,#0x02,00140$
      0001DF BE 00 25         [24] 1013 	cjne	r6,#0x00,00140$
                                   1014 ;	lib\usb_handler.c:200: switch(USB_SetupBuf->wIndexL) {
      0001E2 90 00 04         [24] 1015 	mov	dptr,#(_EP0_buffer + 0x0004)
      0001E5 E0               [24] 1016 	movx	a,@dptr
      0001E6 FE               [12] 1017 	mov	r6,a
      0001E7 BE 02 02         [24] 1018 	cjne	r6,#0x02,00305$
      0001EA 80 05            [24] 1019 	sjmp	00135$
      0001EC                       1020 00305$:
                                   1021 ;	lib\usb_handler.c:212: case 0x02:
      0001EC BE 82 13         [24] 1022 	cjne	r6,#0x82,00137$
      0001EF 80 06            [24] 1023 	sjmp	00136$
      0001F1                       1024 00135$:
                                   1025 ;	lib\usb_handler.c:213: UEP2_CTRL = (UEP2_CTRL & ~(bUEP_R_TOG | MASK_UEP_R_RES)) | UEP_R_RES_ACK;
      0001F1 53 D4 73         [24] 1026 	anl	_UEP2_CTRL,#0x73
                                   1027 ;	lib\usb_handler.c:214: break;
      0001F4 02r02r89         [24] 1028 	ljmp	00171$
                                   1029 ;	lib\usb_handler.c:217: case 0x82:
      0001F7                       1030 00136$:
                                   1031 ;	lib\usb_handler.c:218: UEP2_CTRL = (UEP2_CTRL & ~(bUEP_T_TOG | MASK_UEP_T_RES)) | UEP_T_RES_NAK;
      0001F7 74 BC            [12] 1032 	mov	a,#0xbc
      0001F9 55 D4            [12] 1033 	anl	a,_UEP2_CTRL
      0001FB 44 02            [12] 1034 	orl	a,#0x02
      0001FD F5 D4            [12] 1035 	mov	_UEP2_CTRL,a
                                   1036 ;	lib\usb_handler.c:219: break;
      0001FF 02r02r89         [24] 1037 	ljmp	00171$
                                   1038 ;	lib\usb_handler.c:241: default:
      000202                       1039 00137$:
                                   1040 ;	lib\usb_handler.c:242: len = 0xff;                 // unsupported endpoint
      000202 7F FF            [12] 1041 	mov	r7,#0xff
                                   1042 ;	lib\usb_handler.c:244: }
      000204 02r02r89         [24] 1043 	ljmp	00171$
      000207                       1044 00140$:
                                   1045 ;	lib\usb_handler.c:246: else len = 0xff;                  // unsupported for non-endpoint
      000207 7F FF            [12] 1046 	mov	r7,#0xff
                                   1047 ;	lib\usb_handler.c:247: break;
      000209 02r02r89         [24] 1048 	ljmp	00171$
                                   1049 ;	lib\usb_handler.c:249: case USB_SET_FEATURE:
      00020C                       1050 00145$:
                                   1051 ;	lib\usb_handler.c:250: if((USB_SetupTyp & USB_REQ_RECIP_MASK) == USB_REQ_RECIP_DEVICE) {
      00020C E5*01            [12] 1052 	mov	a,_USB_SetupTyp
      00020E 54 1F            [12] 1053 	anl	a,#0x1f
      000210 70 19            [24] 1054 	jnz	00162$
                                   1055 ;	lib\usb_handler.c:251: if(USB_SetupBuf->wValueL == 0x01) {
      000212 90 00 02         [24] 1056 	mov	dptr,#(_EP0_buffer + 0x0002)
      000215 E0               [24] 1057 	movx	a,@dptr
      000216 FE               [12] 1058 	mov	r6,a
      000217 BE 01 0D         [24] 1059 	cjne	r6,#0x01,00149$
                                   1060 ;	lib\usb_handler.c:252: if( !(((uint8_t*)&CfgDescr)[7] & 0x20) ) len = 0xff;  // failed
      00021A 90r00r07         [24] 1061 	mov	dptr,#(_CfgDescr + 0x0007)
      00021D E4               [12] 1062 	clr	a
      00021E 93               [24] 1063 	movc	a,@a+dptr
      00021F FE               [12] 1064 	mov	r6,a
      000220 20 E5 66         [24] 1065 	jb	acc.5,00171$
      000223 7F FF            [12] 1066 	mov	r7,#0xff
      000225 80 62            [24] 1067 	sjmp	00171$
      000227                       1068 00149$:
                                   1069 ;	lib\usb_handler.c:254: else len = 0xff;                                        // failed
      000227 7F FF            [12] 1070 	mov	r7,#0xff
      000229 80 5E            [24] 1071 	sjmp	00171$
      00022B                       1072 00162$:
                                   1073 ;	lib\usb_handler.c:256: else if((USB_SetupTyp & USB_REQ_RECIP_MASK) == USB_REQ_RECIP_ENDP) {
      00022B AD*01            [24] 1074 	mov	r5,_USB_SetupTyp
      00022D 53 05 1F         [24] 1075 	anl	ar5,#0x1f
      000230 7E 00            [12] 1076 	mov	r6,#0x00
      000232 BD 02 34         [24] 1077 	cjne	r5,#0x02,00159$
      000235 BE 00 31         [24] 1078 	cjne	r6,#0x00,00159$
                                   1079 ;	lib\usb_handler.c:257: if(USB_SetupBuf->wValueL == 0x00) {
      000238 90 00 02         [24] 1080 	mov	dptr,#(_EP0_buffer + 0x0002)
      00023B E0               [24] 1081 	movx	a,@dptr
      00023C 70 27            [24] 1082 	jnz	00156$
                                   1083 ;	lib\usb_handler.c:258: switch(USB_SetupBuf->wIndexL) {
      00023E 90 00 04         [24] 1084 	mov	dptr,#(_EP0_buffer + 0x0004)
      000241 E0               [24] 1085 	movx	a,@dptr
      000242 FE               [12] 1086 	mov	r6,a
      000243 BE 02 02         [24] 1087 	cjne	r6,#0x02,00315$
      000246 80 05            [24] 1088 	sjmp	00151$
      000248                       1089 00315$:
                                   1090 ;	lib\usb_handler.c:270: case 0x02:
      000248 BE 82 16         [24] 1091 	cjne	r6,#0x82,00153$
      00024B 80 0A            [24] 1092 	sjmp	00152$
      00024D                       1093 00151$:
                                   1094 ;	lib\usb_handler.c:271: UEP2_CTRL = (UEP2_CTRL & ~bUEP_R_TOG) | UEP_R_RES_STALL;
      00024D 74 7F            [12] 1095 	mov	a,#0x7f
      00024F 55 D4            [12] 1096 	anl	a,_UEP2_CTRL
      000251 44 0C            [12] 1097 	orl	a,#0x0c
      000253 F5 D4            [12] 1098 	mov	_UEP2_CTRL,a
                                   1099 ;	lib\usb_handler.c:272: break;
                                   1100 ;	lib\usb_handler.c:275: case 0x82:
      000255 80 32            [24] 1101 	sjmp	00171$
      000257                       1102 00152$:
                                   1103 ;	lib\usb_handler.c:276: UEP2_CTRL = (UEP2_CTRL & ~bUEP_T_TOG) | UEP_T_RES_STALL;
      000257 74 BF            [12] 1104 	mov	a,#0xbf
      000259 55 D4            [12] 1105 	anl	a,_UEP2_CTRL
      00025B 44 03            [12] 1106 	orl	a,#0x03
      00025D F5 D4            [12] 1107 	mov	_UEP2_CTRL,a
                                   1108 ;	lib\usb_handler.c:277: break;
                                   1109 ;	lib\usb_handler.c:299: default:
      00025F 80 28            [24] 1110 	sjmp	00171$
      000261                       1111 00153$:
                                   1112 ;	lib\usb_handler.c:300: len = 0xff;               // failed
      000261 7F FF            [12] 1113 	mov	r7,#0xff
                                   1114 ;	lib\usb_handler.c:302: }
      000263 80 24            [24] 1115 	sjmp	00171$
      000265                       1116 00156$:
                                   1117 ;	lib\usb_handler.c:304: else len = 0xff;                // failed
      000265 7F FF            [12] 1118 	mov	r7,#0xff
      000267 80 20            [24] 1119 	sjmp	00171$
      000269                       1120 00159$:
                                   1121 ;	lib\usb_handler.c:306: else len = 0xff;                  // failed
      000269 7F FF            [12] 1122 	mov	r7,#0xff
                                   1123 ;	lib\usb_handler.c:307: break;
                                   1124 ;	lib\usb_handler.c:309: default:
      00026B 80 1C            [24] 1125 	sjmp	00171$
      00026D                       1126 00164$:
                                   1127 ;	lib\usb_handler.c:310: len = 0xff;                       // failed
      00026D 7F FF            [12] 1128 	mov	r7,#0xff
                                   1129 ;	lib\usb_handler.c:312: }
      00026F 80 18            [24] 1130 	sjmp	00171$
      000271                       1131 00170$:
                                   1132 ;	lib\usb_handler.c:316: else if((USB_SetupTyp & USB_REQ_TYP_MASK) == USB_REQ_TYP_CLASS) {
      000271 AD*01            [24] 1133 	mov	r5,_USB_SetupTyp
      000273 53 05 60         [24] 1134 	anl	ar5,#0x60
      000276 7E 00            [12] 1135 	mov	r6,#0x00
      000278 BD 20 0C         [24] 1136 	cjne	r5,#0x20,00167$
      00027B BE 00 09         [24] 1137 	cjne	r6,#0x00,00167$
                                   1138 ;	lib\usb_handler.c:317: len = USB_CLASS_SETUP_handler();
      00027E 12r00r00         [24] 1139 	lcall	_CDC_control
      000281 AE 82            [24] 1140 	mov	r6,dpl
      000283 8E 07            [24] 1141 	mov	ar7,r6
      000285 80 02            [24] 1142 	sjmp	00171$
      000287                       1143 00167$:
                                   1144 ;	lib\usb_handler.c:327: else len = 0xff;
      000287 7F FF            [12] 1145 	mov	r7,#0xff
      000289                       1146 00171$:
                                   1147 ;	lib\usb_handler.c:329: if(len == 0xff) {                         // stall
      000289 BF FF 07         [24] 1148 	cjne	r7,#0xff,00173$
                                   1149 ;	lib\usb_handler.c:330: USB_SetupReq = 0xff;
      00028C 75*00 FF         [24] 1150 	mov	_USB_SetupReq,#0xff
                                   1151 ;	lib\usb_handler.c:331: UEP0_CTRL  = bUEP_R_TOG | bUEP_T_TOG | UEP_R_RES_STALL | UEP_T_RES_STALL; // STALL
      00028F 75 DC CF         [24] 1152 	mov	_UEP0_CTRL,#0xcf
      000292 22               [24] 1153 	ret
      000293                       1154 00173$:
                                   1155 ;	lib\usb_handler.c:334: USB_SetupLen -= len;
      000293 8F 05            [24] 1156 	mov	ar5,r7
      000295 7E 00            [12] 1157 	mov	r6,#0x00
      000297 AB*04            [24] 1158 	mov	r3,_USB_SetupLen
      000299 AC*05            [24] 1159 	mov	r4,(_USB_SetupLen + 1)
      00029B EB               [12] 1160 	mov	a,r3
      00029C C3               [12] 1161 	clr	c
      00029D 9D               [12] 1162 	subb	a,r5
      00029E FB               [12] 1163 	mov	r3,a
      00029F EC               [12] 1164 	mov	a,r4
      0002A0 9E               [12] 1165 	subb	a,r6
      0002A1 FC               [12] 1166 	mov	r4,a
      0002A2 8B*04            [24] 1167 	mov	_USB_SetupLen,r3
      0002A4 8C*05            [24] 1168 	mov	(_USB_SetupLen + 1),r4
                                   1169 ;	lib\usb_handler.c:335: UEP0_T_LEN    = len;
      0002A6 8F DD            [24] 1170 	mov	_UEP0_T_LEN,r7
                                   1171 ;	lib\usb_handler.c:336: UEP0_CTRL     = bUEP_R_TOG | bUEP_T_TOG | UEP_R_RES_ACK | UEP_T_RES_ACK;
      0002A8 75 DC C0         [24] 1172 	mov	_UEP0_CTRL,#0xc0
                                   1173 ;	lib\usb_handler.c:338: }
      0002AB 22               [24] 1174 	ret
                                   1175 ;------------------------------------------------------------
                                   1176 ;Allocation info for local variables in function 'USB_EP0_IN'
                                   1177 ;------------------------------------------------------------
                                   1178 ;len                       Allocated to registers r6 
                                   1179 ;------------------------------------------------------------
                                   1180 ;	lib\usb_handler.c:341: void USB_EP0_IN(void) {
                                   1181 ;	-----------------------------------------
                                   1182 ;	 function USB_EP0_IN
                                   1183 ;	-----------------------------------------
      0002AC                       1184 _USB_EP0_IN:
                                   1185 ;	lib\usb_handler.c:358: switch(USB_SetupReq) {
      0002AC AF*00            [24] 1186 	mov	r7,_USB_SetupReq
      0002AE BF 05 02         [24] 1187 	cjne	r7,#0x05,00121$
      0002B1 80 3A            [24] 1188 	sjmp	00102$
      0002B3                       1189 00121$:
      0002B3 BF 06 45         [24] 1190 	cjne	r7,#0x06,00103$
                                   1191 ;	lib\usb_handler.c:360: len = USB_SetupLen >= EP0_SIZE ? EP0_SIZE : USB_SetupLen;
      0002B6 AE*04            [24] 1192 	mov	r6,_USB_SetupLen
      0002B8 AF*05            [24] 1193 	mov	r7,(_USB_SetupLen + 1)
      0002BA C3               [12] 1194 	clr	c
      0002BB EE               [12] 1195 	mov	a,r6
      0002BC 94 08            [12] 1196 	subb	a,#0x08
      0002BE EF               [12] 1197 	mov	a,r7
      0002BF 94 00            [12] 1198 	subb	a,#0x00
      0002C1 92*00            [24] 1199 	mov	b0,c
      0002C3 40 06            [24] 1200 	jc	00107$
      0002C5 7E 08            [12] 1201 	mov	r6,#0x08
      0002C7 7F 00            [12] 1202 	mov	r7,#0x00
      0002C9 80 04            [24] 1203 	sjmp	00108$
      0002CB                       1204 00107$:
      0002CB AE*04            [24] 1205 	mov	r6,_USB_SetupLen
      0002CD AF*05            [24] 1206 	mov	r7,(_USB_SetupLen + 1)
      0002CF                       1207 00108$:
                                   1208 ;	lib\usb_handler.c:361: USB_EP0_copyDescr(len);                     // copy descriptor to EP0                                
      0002CF 8E 82            [24] 1209 	mov	dpl,r6
      0002D1 12r00r27         [24] 1210 	lcall	_USB_EP0_copyDescr
                                   1211 ;	lib\usb_handler.c:362: USB_SetupLen -= len;
      0002D4 8E 05            [24] 1212 	mov	ar5,r6
      0002D6 7F 00            [12] 1213 	mov	r7,#0x00
      0002D8 AB*04            [24] 1214 	mov	r3,_USB_SetupLen
      0002DA AC*05            [24] 1215 	mov	r4,(_USB_SetupLen + 1)
      0002DC EB               [12] 1216 	mov	a,r3
      0002DD C3               [12] 1217 	clr	c
      0002DE 9D               [12] 1218 	subb	a,r5
      0002DF FB               [12] 1219 	mov	r3,a
      0002E0 EC               [12] 1220 	mov	a,r4
      0002E1 9F               [12] 1221 	subb	a,r7
      0002E2 FC               [12] 1222 	mov	r4,a
      0002E3 8B*04            [24] 1223 	mov	_USB_SetupLen,r3
      0002E5 8C*05            [24] 1224 	mov	(_USB_SetupLen + 1),r4
                                   1225 ;	lib\usb_handler.c:363: UEP0_T_LEN    = len;
      0002E7 8E DD            [24] 1226 	mov	_UEP0_T_LEN,r6
                                   1227 ;	lib\usb_handler.c:364: UEP0_CTRL    ^= bUEP_T_TOG;                 // switch between DATA0 and DATA1
      0002E9 63 DC 40         [24] 1228 	xrl	_UEP0_CTRL,#0x40
                                   1229 ;	lib\usb_handler.c:365: break;
                                   1230 ;	lib\usb_handler.c:367: case USB_SET_ADDRESS:
      0002EC 22               [24] 1231 	ret
      0002ED                       1232 00102$:
                                   1233 ;	lib\usb_handler.c:368: USB_DEV_AD = USB_DEV_AD & bUDA_GP_BIT | USB_Addr;
      0002ED E5 E3            [12] 1234 	mov	a,_USB_DEV_AD
      0002EF 54 80            [12] 1235 	anl	a,#0x80
      0002F1 FF               [12] 1236 	mov	r7,a
      0002F2 E5*03            [12] 1237 	mov	a,_USB_Addr
      0002F4 4F               [12] 1238 	orl	a,r7
      0002F5 F5 E3            [12] 1239 	mov	_USB_DEV_AD,a
                                   1240 ;	lib\usb_handler.c:369: UEP0_CTRL  = bUEP_R_TOG | UEP_T_RES_NAK | UEP_R_RES_ACK;
      0002F7 75 DC 82         [24] 1241 	mov	_UEP0_CTRL,#0x82
                                   1242 ;	lib\usb_handler.c:370: break;
                                   1243 ;	lib\usb_handler.c:372: default:
      0002FA 22               [24] 1244 	ret
      0002FB                       1245 00103$:
                                   1246 ;	lib\usb_handler.c:373: UEP0_CTRL  = bUEP_R_TOG | UEP_T_RES_NAK | UEP_R_RES_ACK;
      0002FB 75 DC 82         [24] 1247 	mov	_UEP0_CTRL,#0x82
                                   1248 ;	lib\usb_handler.c:375: }
                                   1249 ;	lib\usb_handler.c:376: }
      0002FE 22               [24] 1250 	ret
                                   1251 ;------------------------------------------------------------
                                   1252 ;Allocation info for local variables in function 'USB_EP0_OUT'
                                   1253 ;------------------------------------------------------------
                                   1254 ;	lib\usb_handler.c:379: void USB_EP0_OUT(void) {
                                   1255 ;	-----------------------------------------
                                   1256 ;	 function USB_EP0_OUT
                                   1257 ;	-----------------------------------------
      0002FF                       1258 _USB_EP0_OUT:
                                   1259 ;	lib\usb_handler.c:381: if((USB_SetupTyp & USB_REQ_TYP_MASK) == USB_REQ_TYP_CLASS) {
      0002FF AE*01            [24] 1260 	mov	r6,_USB_SetupTyp
      000301 53 06 60         [24] 1261 	anl	ar6,#0x60
      000304 7F 00            [12] 1262 	mov	r7,#0x00
      000306 BE 20 06         [24] 1263 	cjne	r6,#0x20,00102$
      000309 BF 00 03         [24] 1264 	cjne	r7,#0x00,00102$
                                   1265 ;	lib\usb_handler.c:382: USB_CLASS_OUT_handler();
                                   1266 ;	lib\usb_handler.c:383: return;
      00030C 02r00r00         [24] 1267 	ljmp	_CDC_EP0_OUT
      00030F                       1268 00102$:
                                   1269 ;	lib\usb_handler.c:394: UEP0_CTRL  = bUEP_T_TOG | UEP_T_RES_ACK | UEP_R_RES_ACK;
      00030F 75 DC 40         [24] 1270 	mov	_UEP0_CTRL,#0x40
                                   1271 ;	lib\usb_handler.c:395: }
      000312 22               [24] 1272 	ret
                                   1273 ;------------------------------------------------------------
                                   1274 ;Allocation info for local variables in function 'USB_interrupt'
                                   1275 ;------------------------------------------------------------
                                   1276 ;callIndex                 Allocated to registers r7 
                                   1277 ;------------------------------------------------------------
                                   1278 ;	lib\usb_handler.c:402: void USB_interrupt(void) {
                                   1279 ;	-----------------------------------------
                                   1280 ;	 function USB_interrupt
                                   1281 ;	-----------------------------------------
      000313                       1282 _USB_interrupt:
                                   1283 ;	lib\usb_handler.c:405: if(UIF_TRANSFER) {
      000313 30 D9 4F         [24] 1284 	jnb	_UIF_TRANSFER,00114$
                                   1285 ;	lib\usb_handler.c:407: uint8_t callIndex = USB_INT_ST & MASK_UIS_ENDP;
      000316 AF D9            [24] 1286 	mov	r7,_USB_INT_ST
      000318 53 07 0F         [24] 1287 	anl	ar7,#0x0f
                                   1288 ;	lib\usb_handler.c:408: switch (USB_INT_ST & MASK_UIS_TOKEN) {
      00031B AD D9            [24] 1289 	mov	r5,_USB_INT_ST
      00031D 53 05 30         [24] 1290 	anl	ar5,#0x30
      000320 7E 00            [12] 1291 	mov	r6,#0x00
      000322 BD 00 05         [24] 1292 	cjne	r5,#0x00,00162$
      000325 BE 00 02         [24] 1293 	cjne	r6,#0x00,00162$
      000328 80 27            [24] 1294 	sjmp	00107$
      00032A                       1295 00162$:
      00032A BD 20 05         [24] 1296 	cjne	r5,#0x20,00163$
      00032D BE 00 02         [24] 1297 	cjne	r6,#0x00,00163$
      000330 80 0B            [24] 1298 	sjmp	00102$
      000332                       1299 00163$:
      000332 BD 30 2E         [24] 1300 	cjne	r5,#0x30,00112$
      000335 BE 00 2B         [24] 1301 	cjne	r6,#0x00,00112$
                                   1302 ;	lib\usb_handler.c:411: EP0_SETUP_callback();
      000338 12r00r4B         [24] 1303 	lcall	_USB_EP0_SETUP
                                   1304 ;	lib\usb_handler.c:412: break;
                                   1305 ;	lib\usb_handler.c:414: case UIS_TOKEN_IN:
      00033B 80 26            [24] 1306 	sjmp	00112$
      00033D                       1307 00102$:
                                   1308 ;	lib\usb_handler.c:415: switch (callIndex) {
      00033D BF 00 02         [24] 1309 	cjne	r7,#0x00,00166$
      000340 80 05            [24] 1310 	sjmp	00103$
      000342                       1311 00166$:
                                   1312 ;	lib\usb_handler.c:416: case 0: EP0_IN_callback(); break;
      000342 BF 02 1E         [24] 1313 	cjne	r7,#0x02,00112$
      000345 80 05            [24] 1314 	sjmp	00104$
      000347                       1315 00103$:
      000347 12r02rAC         [24] 1316 	lcall	_USB_EP0_IN
                                   1317 ;	lib\usb_handler.c:421: case 2: EP2_IN_callback(); break;
      00034A 80 17            [24] 1318 	sjmp	00112$
      00034C                       1319 00104$:
      00034C 12r00r00         [24] 1320 	lcall	_CDC_EP2_IN
                                   1321 ;	lib\usb_handler.c:433: case UIS_TOKEN_OUT:
      00034F 80 12            [24] 1322 	sjmp	00112$
      000351                       1323 00107$:
                                   1324 ;	lib\usb_handler.c:434: switch (callIndex) {
      000351 BF 00 02         [24] 1325 	cjne	r7,#0x00,00168$
      000354 80 05            [24] 1326 	sjmp	00108$
      000356                       1327 00168$:
                                   1328 ;	lib\usb_handler.c:435: case 0: EP0_OUT_callback(); break;
      000356 BF 02 0A         [24] 1329 	cjne	r7,#0x02,00112$
      000359 80 05            [24] 1330 	sjmp	00109$
      00035B                       1331 00108$:
      00035B 12r02rFF         [24] 1332 	lcall	_USB_EP0_OUT
                                   1333 ;	lib\usb_handler.c:440: case 2: EP2_OUT_callback(); break;
      00035E 80 03            [24] 1334 	sjmp	00112$
      000360                       1335 00109$:
      000360 12r00r00         [24] 1336 	lcall	_CDC_EP2_OUT
                                   1337 ;	lib\usb_handler.c:451: }
      000363                       1338 00112$:
                                   1339 ;	lib\usb_handler.c:452: UIF_TRANSFER = 0;                       // clear interrupt flag
                                   1340 ;	assignBit
      000363 C2 D9            [12] 1341 	clr	_UIF_TRANSFER
      000365                       1342 00114$:
                                   1343 ;	lib\usb_handler.c:456: if(UIF_SUSPEND) {
                                   1344 ;	lib\usb_handler.c:457: UIF_SUSPEND = 0;                        // clear interrupt flag
                                   1345 ;	assignBit
      000365 10 DA 02         [24] 1346 	jbc	_UIF_SUSPEND,00170$
      000368 80 00            [24] 1347 	sjmp	00116$
      00036A                       1348 00170$:
      00036A                       1349 00116$:
                                   1350 ;	lib\usb_handler.c:472: if(UIF_BUS_RST) {
      00036A 30 D8 09         [24] 1351 	jnb	_UIF_BUS_RST,00119$
                                   1352 ;	lib\usb_handler.c:476: USB_EP_init();                          // reset endpoints
      00036D 12r00r00         [24] 1353 	lcall	_USB_EP_init
                                   1354 ;	lib\usb_handler.c:477: USB_DEV_AD = 0x00;                      // reset device address
      000370 75 E3 00         [24] 1355 	mov	_USB_DEV_AD,#0x00
                                   1356 ;	lib\usb_handler.c:478: USB_INT_FG = 0x1f;                      // clear all interrupt flags
      000373 75 D8 1F         [24] 1357 	mov	_USB_INT_FG,#0x1f
      000376                       1358 00119$:
                                   1359 ;	lib\usb_handler.c:480: }
      000376 22               [24] 1360 	ret
                                   1361 	.area CSEG    (CODE)
                                   1362 	.area CONST   (CODE)
                                   1363 	.area XINIT   (CODE)
                                   1364 	.area CABS    (ABS,CODE)
